Archive member included to satisfy reference by file (symbol)

/usr/local/Cellar/gcc-arm-none-eabi/20160926/bin/../lib/gcc/arm-none-eabi/5.4.1/../../../../arm-none-eabi/lib/armv7-m/libc_nano.a(lib_a-exit.o)
                              /usr/local/Cellar/gcc-arm-none-eabi/20160926/bin/../lib/gcc/arm-none-eabi/5.4.1/../../../../arm-none-eabi/lib/armv7-m/crt0.o (exit)
/usr/local/Cellar/gcc-arm-none-eabi/20160926/bin/../lib/gcc/arm-none-eabi/5.4.1/../../../../arm-none-eabi/lib/armv7-m/libc_nano.a(lib_a-impure.o)
                              /usr/local/Cellar/gcc-arm-none-eabi/20160926/bin/../lib/gcc/arm-none-eabi/5.4.1/../../../../arm-none-eabi/lib/armv7-m/libc_nano.a(lib_a-exit.o) (_global_impure_ptr)
/usr/local/Cellar/gcc-arm-none-eabi/20160926/bin/../lib/gcc/arm-none-eabi/5.4.1/../../../../arm-none-eabi/lib/armv7-m/libc_nano.a(lib_a-init.o)
                              /usr/local/Cellar/gcc-arm-none-eabi/20160926/bin/../lib/gcc/arm-none-eabi/5.4.1/../../../../arm-none-eabi/lib/armv7-m/crt0.o (__libc_init_array)
/usr/local/Cellar/gcc-arm-none-eabi/20160926/bin/../lib/gcc/arm-none-eabi/5.4.1/../../../../arm-none-eabi/lib/armv7-m/libc_nano.a(lib_a-memset.o)
                              /usr/local/Cellar/gcc-arm-none-eabi/20160926/bin/../lib/gcc/arm-none-eabi/5.4.1/../../../../arm-none-eabi/lib/armv7-m/crt0.o (memset)
/usr/local/Cellar/gcc-arm-none-eabi/20160926/bin/../lib/gcc/arm-none-eabi/5.4.1/../../../../arm-none-eabi/lib/armv7-m/libc_nano.a(lib_a-nano-vfprintf_float.o)
                              (_printf_float)
/usr/local/Cellar/gcc-arm-none-eabi/20160926/bin/../lib/gcc/arm-none-eabi/5.4.1/../../../../arm-none-eabi/lib/armv7-m/libc_nano.a(lib_a-nano-vfprintf_i.o)
                              /usr/local/Cellar/gcc-arm-none-eabi/20160926/bin/../lib/gcc/arm-none-eabi/5.4.1/../../../../arm-none-eabi/lib/armv7-m/libc_nano.a(lib_a-nano-vfprintf_float.o) (_printf_common)
/usr/local/Cellar/gcc-arm-none-eabi/20160926/bin/../lib/gcc/arm-none-eabi/5.4.1/../../../../arm-none-eabi/lib/armv7-m/libc_nano.a(lib_a-nano-vfscanf_float.o)
                              (_scanf_float)
/usr/local/Cellar/gcc-arm-none-eabi/20160926/bin/../lib/gcc/arm-none-eabi/5.4.1/../../../../arm-none-eabi/lib/armv7-m/libc_nano.a(lib_a-printf.o)
                              obj.version1/debug.o (printf)
/usr/local/Cellar/gcc-arm-none-eabi/20160926/bin/../lib/gcc/arm-none-eabi/5.4.1/../../../../arm-none-eabi/lib/armv7-m/libc_nano.a(lib_a-puts.o)
                              obj.version1/Hw_Segment.o (puts)
/usr/local/Cellar/gcc-arm-none-eabi/20160926/bin/../lib/gcc/arm-none-eabi/5.4.1/../../../../arm-none-eabi/lib/armv7-m/libc_nano.a(lib_a-sf_nan.o)
                              /usr/local/Cellar/gcc-arm-none-eabi/20160926/bin/../lib/gcc/arm-none-eabi/5.4.1/../../../../arm-none-eabi/lib/armv7-m/libc_nano.a(lib_a-nano-vfscanf_float.o) (nanf)
/usr/local/Cellar/gcc-arm-none-eabi/20160926/bin/../lib/gcc/arm-none-eabi/5.4.1/../../../../arm-none-eabi/lib/armv7-m/libc_nano.a(lib_a-sprintf.o)
                              /usr/local/Cellar/gcc-arm-none-eabi/20160926/bin/../lib/gcc/arm-none-eabi/5.4.1/../../../../arm-none-eabi/lib/armv7-m/libc_nano.a(lib_a-nano-vfscanf_float.o) (sprintf)
/usr/local/Cellar/gcc-arm-none-eabi/20160926/bin/../lib/gcc/arm-none-eabi/5.4.1/../../../../arm-none-eabi/lib/armv7-m/libc_nano.a(lib_a-strlen.o)
                              /usr/local/Cellar/gcc-arm-none-eabi/20160926/bin/../lib/gcc/arm-none-eabi/5.4.1/../../../../arm-none-eabi/lib/armv7-m/libc_nano.a(lib_a-nano-vfprintf_float.o) (strlen)
/usr/local/Cellar/gcc-arm-none-eabi/20160926/bin/../lib/gcc/arm-none-eabi/5.4.1/../../../../arm-none-eabi/lib/armv7-m/libc_nano.a(lib_a-strtod.o)
                              /usr/local/Cellar/gcc-arm-none-eabi/20160926/bin/../lib/gcc/arm-none-eabi/5.4.1/../../../../arm-none-eabi/lib/armv7-m/libc_nano.a(lib_a-nano-vfscanf_float.o) (_strtod_r)
/usr/local/Cellar/gcc-arm-none-eabi/20160926/bin/../lib/gcc/arm-none-eabi/5.4.1/../../../../arm-none-eabi/lib/armv7-m/libc_nano.a(lib_a-strtol.o)
                              /usr/local/Cellar/gcc-arm-none-eabi/20160926/bin/../lib/gcc/arm-none-eabi/5.4.1/../../../../arm-none-eabi/lib/armv7-m/libc_nano.a(lib_a-nano-vfscanf_float.o) (_strtol_r)
/usr/local/Cellar/gcc-arm-none-eabi/20160926/bin/../lib/gcc/arm-none-eabi/5.4.1/../../../../arm-none-eabi/lib/armv7-m/libc_nano.a(lib_a-wbuf.o)
                              /usr/local/Cellar/gcc-arm-none-eabi/20160926/bin/../lib/gcc/arm-none-eabi/5.4.1/../../../../arm-none-eabi/lib/armv7-m/libc_nano.a(lib_a-puts.o) (__swbuf_r)
/usr/local/Cellar/gcc-arm-none-eabi/20160926/bin/../lib/gcc/arm-none-eabi/5.4.1/../../../../arm-none-eabi/lib/armv7-m/libc_nano.a(lib_a-wsetup.o)
                              /usr/local/Cellar/gcc-arm-none-eabi/20160926/bin/../lib/gcc/arm-none-eabi/5.4.1/../../../../arm-none-eabi/lib/armv7-m/libc_nano.a(lib_a-puts.o) (__swsetup_r)
[...]
Memory Configuration

Name             Origin             Length             Attributes
RAM              0x0000000020000000 0x0000000000005000 xrw
FLASH            0x0000000008000000 0x0000000000020000 xr
*default*        0x0000000000000000 0xffffffffffffffff

Linker script and memory map

LOAD /usr/local/Cellar/gcc-arm-none-eabi/20160926/bin/../lib/gcc/arm-none-eabi/5.4.1/armv7-m/crti.o
LOAD /usr/local/Cellar/gcc-arm-none-eabi/20160926/bin/../lib/gcc/arm-none-eabi/5.4.1/armv7-m/crtbegin.o
LOAD /usr/local/Cellar/gcc-arm-none-eabi/20160926/bin/../lib/gcc/arm-none-eabi/5.4.1/../../../../arm-none-eabi/lib/armv7-m/crt0.o
LOAD obj.version1/startup_stm32f10x_md.o
LOAD obj.version1/core_cm3.o
LOAD obj.version1/system_stm32f10x.o
LOAD obj.version1/Hw_Led.o
LOAD obj.version1/Hw_Key.o
LOAD obj.version1/Hw_Segment.o
LOAD obj.version1/zigbee_test.o
LOAD obj.version1/misc.o
LOAD obj.version1/stm32f10x_adc.o
LOAD obj.version1/stm32f10x_bkp.o
LOAD obj.version1/stm32f10x_can.o
LOAD obj.version1/stm32f10x_crc.o
LOAD obj.version1/stm32f10x_dac.o
LOAD obj.version1/stm32f10x_dbgmcu.o
LOAD obj.version1/stm32f10x_dma.o
LOAD obj.version1/stm32f10x_exti.o
LOAD obj.version1/stm32f10x_flash.o
LOAD obj.version1/stm32f10x_fsmc.o
LOAD obj.version1/stm32f10x_gpio.o
LOAD obj.version1/stm32f10x_i2c.o
LOAD obj.version1/stm32f10x_iwdg.o
LOAD obj.version1/stm32f10x_pwr.o
LOAD obj.version1/stm32f10x_rcc.o
LOAD obj.version1/stm32f10x_rtc.o
LOAD obj.version1/stm32f10x_sdio.o
LOAD obj.version1/stm32f10x_spi.o
LOAD obj.version1/stm32f10x_tim.o
LOAD obj.version1/stm32f10x_usart.o
LOAD obj.version1/stm32f10x_wwdg.o
LOAD obj.version1/usb_core.o
LOAD obj.version1/usb_init.o
LOAD obj.version1/usb_int.o
LOAD obj.version1/usb_mem.o
LOAD obj.version1/usb_regs.o
LOAD obj.version1/debug.o
LOAD obj.version1/syscalls.o
LOAD obj.version1/stm32f10x_it.o
LOAD obj.version1/Hw_Config.o
LOAD obj.version1/Main.o
LOAD obj.version1/usb_desc.o
LOAD obj.version1/usb_endp.o
LOAD obj.version1/usb_prop.o
LOAD obj.version1/usb_istr.o
LOAD obj.version1/usb_pwr.o
LOAD /usr/local/Cellar/gcc-arm-none-eabi/20160926/bin/../lib/gcc/arm-none-eabi/5.4.1/../../../../arm-none-eabi/lib/armv7-m/libc_nano.a
LOAD /usr/local/Cellar/gcc-arm-none-eabi/20160926/bin/../lib/gcc/arm-none-eabi/5.4.1/../../../../arm-none-eabi/lib/armv7-m/libm.a
LOAD /usr/local/Cellar/gcc-arm-none-eabi/20160926/bin/../lib/gcc/arm-none-eabi/5.4.1/../../../../arm-none-eabi/lib/armv7-m/libnosys.a
START GROUP
LOAD /usr/local/Cellar/gcc-arm-none-eabi/20160926/bin/../lib/gcc/arm-none-eabi/5.4.1/armv7-m/libgcc.a
LOAD /usr/local/Cellar/gcc-arm-none-eabi/20160926/bin/../lib/gcc/arm-none-eabi/5.4.1/../../../../arm-none-eabi/lib/armv7-m/libg_nano.a
LOAD /usr/local/Cellar/gcc-arm-none-eabi/20160926/bin/../lib/gcc/arm-none-eabi/5.4.1/../../../../arm-none-eabi/lib/armv7-m/libc_nano.a
END GROUP
START GROUP
LOAD /usr/local/Cellar/gcc-arm-none-eabi/20160926/bin/../lib/gcc/arm-none-eabi/5.4.1/armv7-m/libgcc.a
LOAD /usr/local/Cellar/gcc-arm-none-eabi/20160926/bin/../lib/gcc/arm-none-eabi/5.4.1/../../../../arm-none-eabi/lib/armv7-m/libc_nano.a
END GROUP
LOAD /usr/local/Cellar/gcc-arm-none-eabi/20160926/bin/../lib/gcc/arm-none-eabi/5.4.1/armv7-m/crtend.o
LOAD /usr/local/Cellar/gcc-arm-none-eabi/20160926/bin/../lib/gcc/arm-none-eabi/5.4.1/armv7-m/crtn.o
                0x0000000020005000                _estack = 0x20005000
                0x0000000000000200                _Min_Heap_Size = 0x200
                0x0000000000000400                _Min_Stack_Size = 0x400

.isr_vector     0x0000000008000000      0x10c
                0x0000000008000000                . = ALIGN (0x4)
 *(.isr_vector)
 .isr_vector    0x0000000008000000      0x10c obj.version1/startup_stm32f10x_md.o
                0x0000000008000000                g_pfnVectors
                0x000000000800010c                . = ALIGN (0x4)

.text           0x0000000008000110     0x76e0
                0x0000000008000110                . = ALIGN (0x4)
 *(.text)
 .text          0x0000000008000110       0x5c /usr/local/Cellar/gcc-arm-none-eabi/20160926/bin/../lib/gcc/arm-none-eabi/5.4.1/armv7-m/crtbegin.o
 .text          0x000000000800016c       0x10 /usr/local/Cellar/gcc-arm-none-eabi/20160926/bin/../lib/gcc/arm-none-eabi/5.4.1/../../../../arm-none-eabi/lib/armv7-m/libc_nano.a(lib_a-strlen.o)
                0x000000000800016c                strlen
 .text          0x000000000800017c      0x370 /usr/local/Cellar/gcc-arm-none-eabi/20160926/bin/../lib/gcc/arm-none-eabi/5.4.1/armv7-m/libgcc.a(_arm_addsubdf3.o)
                0x000000000800017c                __aeabi_drsub
                0x0000000008000184                __subdf3
                0x0000000008000184                __aeabi_dsub
                0x0000000008000188                __aeabi_dadd
                0x0000000008000188                __adddf3
                0x0000000008000400                __aeabi_ui2d
                0x0000000008000400                __floatunsidf
                0x0000000008000420                __floatsidf
                0x0000000008000420                __aeabi_i2d
                0x0000000008000444                __extendsfdf2
                0x0000000008000444                __aeabi_f2d
                0x0000000008000480                __aeabi_ul2d
                0x0000000008000480                __floatundidf
                0x0000000008000490                __aeabi_l2d
                0x0000000008000490                __floatdidf
 .text          0x00000000080004ec      0x424 /usr/local/Cellar/gcc-arm-none-eabi/20160926/bin/../lib/gcc/arm-none-eabi/5.4.1/armv7-m/libgcc.a(_arm_muldivdf3.o)
                0x00000000080004ec                __aeabi_dmul
                0x00000000080004ec                __muldf3
                0x0000000008000740                __aeabi_ddiv
                0x0000000008000740                __divdf3
 .text          0x0000000008000910      0x110 /usr/local/Cellar/gcc-arm-none-eabi/20160926/bin/../lib/gcc/arm-none-eabi/5.4.1/armv7-m/libgcc.a(_arm_cmpdf2.o)
                0x0000000008000910                __gedf2
                0x0000000008000910                __gtdf2
                0x0000000008000918                __ledf2
                0x0000000008000918                __ltdf2
                0x0000000008000920                __cmpdf2
                0x0000000008000920                __eqdf2
                0x0000000008000920                __nedf2
                0x000000000800099c                __aeabi_cdrcmple
                0x00000000080009ac                __aeabi_cdcmple
                0x00000000080009ac                __aeabi_cdcmpeq
                0x00000000080009bc                __aeabi_dcmpeq
                0x00000000080009d0                __aeabi_dcmplt
                0x00000000080009e4                __aeabi_dcmple
                0x00000000080009f8                __aeabi_dcmpge
                0x0000000008000a0c                __aeabi_dcmpgt
 .text          0x0000000008000a20       0x2c /usr/local/Cellar/gcc-arm-none-eabi/20160926/bin/../lib/gcc/arm-none-eabi/5.4.1/armv7-m/libgcc.a(_arm_unorddf2.o)
                0x0000000008000a20                __aeabi_dcmpun
                0x0000000008000a20                __unorddf2
 .text          0x0000000008000a4c       0x50 /usr/local/Cellar/gcc-arm-none-eabi/20160926/bin/../lib/gcc/arm-none-eabi/5.4.1/armv7-m/libgcc.a(_arm_fixdfsi.o)
                0x0000000008000a4c                __fixdfsi
                0x0000000008000a4c                __aeabi_d2iz
 .text          0x0000000008000a9c       0x40 /usr/local/Cellar/gcc-arm-none-eabi/20160926/bin/../lib/gcc/arm-none-eabi/5.4.1/armv7-m/libgcc.a(_arm_fixunsdfsi.o)
                0x0000000008000a9c                __fixunsdfsi
                0x0000000008000a9c                __aeabi_d2uiz
 .text          0x0000000008000adc       0xa0 /usr/local/Cellar/gcc-arm-none-eabi/20160926/bin/../lib/gcc/arm-none-eabi/5.4.1/armv7-m/libgcc.a(_arm_truncdfsf2.o)
                0x0000000008000adc                __aeabi_d2f
                0x0000000008000adc                __truncdfsf2
 *(.text*)
 .text.Reset_Handler
                0x0000000008000b7c       0x40 obj.version1/startup_stm32f10x_md.o
                0x0000000008000b7c                Reset_Handler
 .text.SetSysClockTo72
                0x0000000008000bbc       0xd0 obj.version1/system_stm32f10x.o
 .text.SetSysClock
                0x0000000008000c8c        0x8 obj.version1/system_stm32f10x.o
 .text.SystemInit
                0x0000000008000c94       0x50 obj.version1/system_stm32f10x.o
                0x0000000008000c94                SystemInit
 .text.LED_Off_Red
                0x0000000008000ce4       0x14 obj.version1/Hw_Led.o
                0x0000000008000ce4                LED_Off_Red
 .text.LED_Off_Yellow
                0x0000000008000cf8       0x10 obj.version1/Hw_Led.o
                0x0000000008000cf8                LED_Off_Yellow
 .text.LED_Off_Blue
                0x0000000008000d08       0x14 obj.version1/Hw_Led.o
                0x0000000008000d08                LED_Off_Blue
 .text.LED_Off_All
                0x0000000008000d1c       0x10 obj.version1/Hw_Led.o
                0x0000000008000d1c                LED_Off_All
 .text.NVIC_PriorityGroupConfig
                0x0000000008000d2c       0x40 obj.version1/misc.o
                0x0000000008000d2c                NVIC_PriorityGroupConfig
 .text.NVIC_Init
                0x0000000008000d6c       0x98 obj.version1/misc.o
                0x0000000008000d6c                NVIC_Init
 .text.NVIC_SetVectorTable
                0x0000000008000e04       0x44 obj.version1/misc.o
                0x0000000008000e04                NVIC_SetVectorTable
 .text.DMA_ClearFlag
                0x0000000008000e48       0x40 obj.version1/stm32f10x_dma.o
                0x0000000008000e48                DMA_ClearFlag
 .text.EXTI_Init
                0x0000000008000e88       0xd8 obj.version1/stm32f10x_exti.o
                0x0000000008000e88                EXTI_Init
 .text.EXTI_GetITStatus
                0x0000000008000f60       0x94 obj.version1/stm32f10x_exti.o
                0x0000000008000f60                EXTI_GetITStatus
 .text.EXTI_ClearITPendingBit
                0x0000000008000ff4       0x24 obj.version1/stm32f10x_exti.o
                0x0000000008000ff4                EXTI_ClearITPendingBit
 .text.GPIO_Init
                0x0000000008001018      0x128 obj.version1/stm32f10x_gpio.o
                0x0000000008001018                GPIO_Init
 .text.GPIO_SetBits
                0x0000000008001140       0x60 obj.version1/stm32f10x_gpio.o
                0x0000000008001140                GPIO_SetBits
 .text.GPIO_ResetBits
                0x00000000080011a0       0x60 obj.version1/stm32f10x_gpio.o
                0x00000000080011a0                GPIO_ResetBits
 .text.GPIO_WriteBit
                0x0000000008001200       0xc4 obj.version1/stm32f10x_gpio.o
                0x0000000008001200                GPIO_WriteBit
 .text.GPIO_Write
                0x00000000080012c4       0x54 obj.version1/stm32f10x_gpio.o
                0x00000000080012c4                GPIO_Write
 .text.GPIO_EXTILineConfig
                0x0000000008001318       0x58 obj.version1/stm32f10x_gpio.o
                0x0000000008001318                GPIO_EXTILineConfig
 .text.PWR_EnterSTOPMode
                0x0000000008001370       0x50 obj.version1/stm32f10x_pwr.o
                0x0000000008001370                PWR_EnterSTOPMode
 .text.RCC_HSEConfig
                0x00000000080013c0       0x5c obj.version1/stm32f10x_rcc.o
                0x00000000080013c0                RCC_HSEConfig
 .text.RCC_PLLCmd
                0x000000000800141c       0x20 obj.version1/stm32f10x_rcc.o
                0x000000000800141c                RCC_PLLCmd
 .text.RCC_SYSCLKConfig
                0x000000000800143c       0x28 obj.version1/stm32f10x_rcc.o
                0x000000000800143c                RCC_SYSCLKConfig
 .text.RCC_GetSYSCLKSource
                0x0000000008001464       0x10 obj.version1/stm32f10x_rcc.o
                0x0000000008001464                RCC_GetSYSCLKSource
 .text.RCC_GetClocksFreq
                0x0000000008001474       0xc4 obj.version1/stm32f10x_rcc.o
                0x0000000008001474                RCC_GetClocksFreq
 .text.RCC_AHBPeriphClockCmd
                0x0000000008001538       0x4c obj.version1/stm32f10x_rcc.o
                0x0000000008001538                RCC_AHBPeriphClockCmd
 .text.RCC_APB2PeriphClockCmd
                0x0000000008001584       0x4c obj.version1/stm32f10x_rcc.o
                0x0000000008001584                RCC_APB2PeriphClockCmd
 .text.RCC_GetFlagStatus
                0x00000000080015d0       0x74 obj.version1/stm32f10x_rcc.o
                0x00000000080015d0                RCC_GetFlagStatus
 .text.RCC_WaitForHSEStartUp
                0x0000000008001644       0x34 obj.version1/stm32f10x_rcc.o
                0x0000000008001644                RCC_WaitForHSEStartUp
 .text.USART_Init
                0x0000000008001678      0x174 obj.version1/stm32f10x_usart.o
                0x0000000008001678                USART_Init
 .text.USART_Cmd
                0x00000000080017ec       0x68 obj.version1/stm32f10x_usart.o
                0x00000000080017ec                USART_Cmd
 .text.USART_SendData
                0x0000000008001854       0x58 obj.version1/stm32f10x_usart.o
                0x0000000008001854                USART_SendData
 .text.USART_GetFlagStatus
                0x00000000080018ac       0xa8 obj.version1/stm32f10x_usart.o
                0x00000000080018ac                USART_GetFlagStatus
 .text.Standard_GetConfiguration
                0x0000000008001954       0x28 obj.version1/usb_core.o
                0x0000000008001954                Standard_GetConfiguration
 .text.Standard_GetInterface
                0x000000000800197c       0x28 obj.version1/usb_core.o
                0x000000000800197c                Standard_GetInterface
 .text.Standard_GetStatus
                0x00000000080019a4       0xb8 obj.version1/usb_core.o
                0x00000000080019a4                Standard_GetStatus
 .text.DataStageIn
                0x0000000008001a5c       0xb0 obj.version1/usb_core.o
 .text.Data_Setup0
                0x0000000008001b0c      0x218 obj.version1/usb_core.o
 .text.DataStageOut
                0x0000000008001d24       0xa8 obj.version1/usb_core.o
 .text.Standard_SetConfiguration
                0x0000000008001dcc       0x40 obj.version1/usb_core.o
                0x0000000008001dcc                Standard_SetConfiguration
 .text.Standard_SetInterface
                0x0000000008001e0c       0x5c obj.version1/usb_core.o
                0x0000000008001e0c                Standard_SetInterface
 .text.Standard_ClearFeature
                0x0000000008001e68      0x118 obj.version1/usb_core.o
                0x0000000008001e68                Standard_ClearFeature
 .text.Standard_SetEndPointFeature
                0x0000000008001f80       0xb0 obj.version1/usb_core.o
                0x0000000008001f80                Standard_SetEndPointFeature
 .text.Standard_SetDeviceFeature
                0x0000000008002030       0x24 obj.version1/usb_core.o
                0x0000000008002030                Standard_SetDeviceFeature
 .text.NoData_Setup0
                0x0000000008002054      0x120 obj.version1/usb_core.o
 .text.Standard_GetDescriptorData
                0x0000000008002174       0x1c obj.version1/usb_core.o
                0x0000000008002174                Standard_GetDescriptorData
 .text.Post0_Process
                0x0000000008002190       0x40 obj.version1/usb_core.o
                0x0000000008002190                Post0_Process
 .text.Setup0_Process
                0x00000000080021d0       0x7c obj.version1/usb_core.o
                0x00000000080021d0                Setup0_Process
 .text.Out0_Process
                0x000000000800224c       0x44 obj.version1/usb_core.o
                0x000000000800224c                Out0_Process
 .text.SetDeviceAddress
                0x0000000008002290       0x44 obj.version1/usb_core.o
                0x0000000008002290                SetDeviceAddress
 .text.In0_Process
                0x00000000080022d4       0x64 obj.version1/usb_core.o
                0x00000000080022d4                In0_Process
 .text.NOP_Process
                0x0000000008002338        0x4 obj.version1/usb_core.o
                0x0000000008002338                NOP_Process
 .text.CTR_LP   0x000000000800233c      0x2e0 obj.version1/usb_int.o
                0x000000000800233c                CTR_LP
 .text.UserToPMABufferCopy
                0x000000000800261c       0x2c obj.version1/usb_mem.o
                0x000000000800261c                UserToPMABufferCopy
 .text.PMAToUserBufferCopy
                0x0000000008002648       0x20 obj.version1/usb_mem.o
                0x0000000008002648                PMAToUserBufferCopy
 .text.SetBTABLE
                0x0000000008002668       0x10 obj.version1/usb_regs.o
                0x0000000008002668                SetBTABLE
 .text.SetEPType
                0x0000000008002678       0x1c obj.version1/usb_regs.o
                0x0000000008002678                SetEPType
 .text.SetEPTxStatus
                0x0000000008002694       0x34 obj.version1/usb_regs.o
                0x0000000008002694                SetEPTxStatus
 .text.SetEPRxStatus
                0x00000000080026c8       0x34 obj.version1/usb_regs.o
                0x00000000080026c8                SetEPRxStatus
 .text.SetEPTxValid
                0x00000000080026fc       0x20 obj.version1/usb_regs.o
                0x00000000080026fc                SetEPTxValid
 .text.SetEPRxValid
                0x000000000800271c       0x20 obj.version1/usb_regs.o
                0x000000000800271c                SetEPRxValid
 .text.Clear_Status_Out
                0x000000000800273c       0x1c obj.version1/usb_regs.o
                0x000000000800273c                Clear_Status_Out
 .text.ClearDTOG_RX
                0x0000000008002758       0x28 obj.version1/usb_regs.o
                0x0000000008002758                ClearDTOG_RX
 .text.ClearDTOG_TX
                0x0000000008002780       0x28 obj.version1/usb_regs.o
                0x0000000008002780                ClearDTOG_TX
 .text.SetEPTxAddr
                0x00000000080027a8       0x20 obj.version1/usb_regs.o
                0x00000000080027a8                SetEPTxAddr
 .text.SetEPRxAddr
                0x00000000080027c8       0x20 obj.version1/usb_regs.o
                0x00000000080027c8                SetEPRxAddr
 .text.GetEPTxAddr
                0x00000000080027e8       0x1c obj.version1/usb_regs.o
                0x00000000080027e8                GetEPTxAddr
 .text.GetEPRxAddr
                0x0000000008002804       0x1c obj.version1/usb_regs.o
                0x0000000008002804                GetEPRxAddr
 .text.SetEPTxCount
                0x0000000008002820       0x1c obj.version1/usb_regs.o
                0x0000000008002820                SetEPTxCount
 .text.SetEPRxCount
                0x000000000800283c       0x44 obj.version1/usb_regs.o
                0x000000000800283c                SetEPRxCount
 .text.ByteSwap
                0x0000000008002880        0xc obj.version1/usb_regs.o
                0x0000000008002880                ByteSwap
 .text.DebugMsg_FunctionStart
                0x000000000800288c       0x10 obj.version1/debug.o
                0x000000000800288c                DebugMsg_FunctionStart
 .text.assert_failed
                0x000000000800289c       0x14 obj.version1/debug.o
                0x000000000800289c                assert_failed
 .text._write   0x00000000080028b0       0x2c obj.version1/syscalls.o
                0x00000000080028b0                _write
 .text.NMI_Handler
                0x00000000080028dc        0x4 obj.version1/stm32f10x_it.o
                0x00000000080028dc                NMI_Handler
 .text.HardFault_Handler
                0x00000000080028e0        0x4 obj.version1/stm32f10x_it.o
                0x00000000080028e0                HardFault_Handler
 .text.MemManage_Handler
                0x00000000080028e4        0x4 obj.version1/stm32f10x_it.o
                0x00000000080028e4                MemManage_Handler
 .text.BusFault_Handler
                0x00000000080028e8        0x4 obj.version1/stm32f10x_it.o
                0x00000000080028e8                BusFault_Handler
 .text.UsageFault_Handler
                0x00000000080028ec        0x4 obj.version1/stm32f10x_it.o
                0x00000000080028ec                UsageFault_Handler
 .text.SVC_Handler
                0x00000000080028f0        0x4 obj.version1/stm32f10x_it.o
                0x00000000080028f0                SVC_Handler
 .text.DebugMon_Handler
                0x00000000080028f4        0x4 obj.version1/stm32f10x_it.o
                0x00000000080028f4                DebugMon_Handler
 .text.PendSV_Handler
                0x00000000080028f8        0x4 obj.version1/stm32f10x_it.o
                0x00000000080028f8                PendSV_Handler
 .text.SysTick_Handler
                0x00000000080028fc        0x8 obj.version1/stm32f10x_it.o
                0x00000000080028fc                SysTick_Handler
 .text.WWDG_IRQHandler
                0x0000000008002904        0x4 obj.version1/stm32f10x_it.o
                0x0000000008002904                WWDG_IRQHandler
 .text.PVD_IRQHandler
                0x0000000008002908        0x4 obj.version1/stm32f10x_it.o
                0x0000000008002908                PVD_IRQHandler
 .text.TAMPER_IRQHandler
                0x000000000800290c        0x4 obj.version1/stm32f10x_it.o
                0x000000000800290c                TAMPER_IRQHandler
 .text.RTC_IRQHandler
                0x0000000008002910        0x4 obj.version1/stm32f10x_it.o
                0x0000000008002910                RTC_IRQHandler
 .text.FLASH_IRQHandler
                0x0000000008002914        0x4 obj.version1/stm32f10x_it.o
                0x0000000008002914                FLASH_IRQHandler
 .text.RCC_IRQHandler
                0x0000000008002918        0x4 obj.version1/stm32f10x_it.o
                0x0000000008002918                RCC_IRQHandler
 .text.EXTI0_IRQHandler
                0x000000000800291c       0x70 obj.version1/stm32f10x_it.o
                0x000000000800291c                EXTI0_IRQHandler
 .text.EXTI1_IRQHandler
                0x000000000800298c       0x70 obj.version1/stm32f10x_it.o
                0x000000000800298c                EXTI1_IRQHandler
 .text.EXTI2_IRQHandler
                0x00000000080029fc        0x4 obj.version1/stm32f10x_it.o
                0x00000000080029fc                EXTI2_IRQHandler
 .text.EXTI3_IRQHandler
                0x0000000008002a00        0x4 obj.version1/stm32f10x_it.o
                0x0000000008002a00                EXTI3_IRQHandler
 .text.EXTI4_IRQHandler
                0x0000000008002a04        0x4 obj.version1/stm32f10x_it.o
                0x0000000008002a04                EXTI4_IRQHandler
 .text.DMA1_Channel1_IRQHandler
                0x0000000008002a08       0x54 obj.version1/stm32f10x_it.o
                0x0000000008002a08                DMA1_Channel1_IRQHandler
 .text.DMA1_Channel2_IRQHandler
                0x0000000008002a5c        0x4 obj.version1/stm32f10x_it.o
                0x0000000008002a5c                DMA1_Channel2_IRQHandler
 .text.DMA1_Channel3_IRQHandler
                0x0000000008002a60        0x4 obj.version1/stm32f10x_it.o
                0x0000000008002a60                DMA1_Channel3_IRQHandler
 .text.DMA1_Channel4_IRQHandler
                0x0000000008002a64        0x4 obj.version1/stm32f10x_it.o
                0x0000000008002a64                DMA1_Channel4_IRQHandler
 .text.DMA1_Channel5_IRQHandler
                0x0000000008002a68        0x4 obj.version1/stm32f10x_it.o
                0x0000000008002a68                DMA1_Channel5_IRQHandler
 .text.DMA1_Channel6_IRQHandler
                0x0000000008002a6c        0x4 obj.version1/stm32f10x_it.o
                0x0000000008002a6c                DMA1_Channel6_IRQHandler
 .text.DMA1_Channel7_IRQHandler
                0x0000000008002a70        0x4 obj.version1/stm32f10x_it.o
                0x0000000008002a70                DMA1_Channel7_IRQHandler
 .text.ADC1_2_IRQHandler
                0x0000000008002a74        0x4 obj.version1/stm32f10x_it.o
                0x0000000008002a74                ADC1_2_IRQHandler
 .text.USB_HP_CAN1_TX_IRQHandler
                0x0000000008002a78        0x4 obj.version1/stm32f10x_it.o
                0x0000000008002a78                USB_HP_CAN1_TX_IRQHandler
 .text.USB_LP_CAN1_RX0_IRQHandler
                0x0000000008002a7c        0x8 obj.version1/stm32f10x_it.o
                0x0000000008002a7c                USB_LP_CAN1_RX0_IRQHandler
 .text.CAN1_RX1_IRQHandler
                0x0000000008002a84        0x4 obj.version1/stm32f10x_it.o
                0x0000000008002a84                CAN1_RX1_IRQHandler
 .text.CAN1_SCE_IRQHandler
                0x0000000008002a88        0x4 obj.version1/stm32f10x_it.o
                0x0000000008002a88                CAN1_SCE_IRQHandler
 .text.EXTI9_5_IRQHandler
                0x0000000008002a8c        0x4 obj.version1/stm32f10x_it.o
                0x0000000008002a8c                EXTI9_5_IRQHandler
 .text.TIM1_BRK_IRQHandler
                0x0000000008002a90        0x4 obj.version1/stm32f10x_it.o
                0x0000000008002a90                TIM1_BRK_IRQHandler
 .text.TIM1_UP_IRQHandler
                0x0000000008002a94        0x4 obj.version1/stm32f10x_it.o
                0x0000000008002a94                TIM1_UP_IRQHandler
 .text.TIM1_TRG_COM_IRQHandler
                0x0000000008002a98        0x4 obj.version1/stm32f10x_it.o
                0x0000000008002a98                TIM1_TRG_COM_IRQHandler
 .text.TIM1_CC_IRQHandler
                0x0000000008002a9c        0x4 obj.version1/stm32f10x_it.o
                0x0000000008002a9c                TIM1_CC_IRQHandler
 .text.TIM2_IRQHandler
                0x0000000008002aa0        0x4 obj.version1/stm32f10x_it.o
                0x0000000008002aa0                TIM2_IRQHandler
 .text.TIM3_IRQHandler
                0x0000000008002aa4        0x4 obj.version1/stm32f10x_it.o
                0x0000000008002aa4                TIM3_IRQHandler
 .text.TIM4_IRQHandler
                0x0000000008002aa8        0x4 obj.version1/stm32f10x_it.o
                0x0000000008002aa8                TIM4_IRQHandler
 .text.I2C1_EV_IRQHandler
                0x0000000008002aac        0x4 obj.version1/stm32f10x_it.o
                0x0000000008002aac                I2C1_EV_IRQHandler
 .text.I2C1_ER_IRQHandler
                0x0000000008002ab0        0x4 obj.version1/stm32f10x_it.o
                0x0000000008002ab0                I2C1_ER_IRQHandler
 .text.I2C2_EV_IRQHandler
                0x0000000008002ab4        0x4 obj.version1/stm32f10x_it.o
                0x0000000008002ab4                I2C2_EV_IRQHandler
 .text.I2C2_ER_IRQHandler
                0x0000000008002ab8        0x4 obj.version1/stm32f10x_it.o
                0x0000000008002ab8                I2C2_ER_IRQHandler
 .text.SPI1_IRQHandler
                0x0000000008002abc        0x4 obj.version1/stm32f10x_it.o
                0x0000000008002abc                SPI1_IRQHandler
 .text.SPI2_IRQHandler
                0x0000000008002ac0        0x4 obj.version1/stm32f10x_it.o
                0x0000000008002ac0                SPI2_IRQHandler
 .text.USART1_IRQHandler
                0x0000000008002ac4        0x4 obj.version1/stm32f10x_it.o
                0x0000000008002ac4                USART1_IRQHandler
 .text.USART2_IRQHandler
                0x0000000008002ac8        0x4 obj.version1/stm32f10x_it.o
                0x0000000008002ac8                USART2_IRQHandler
 .text.USART3_IRQHandler
                0x0000000008002acc        0x4 obj.version1/stm32f10x_it.o
                0x0000000008002acc                USART3_IRQHandler
 .text.EXTI15_10_IRQHandler
                0x0000000008002ad0        0x4 obj.version1/stm32f10x_it.o
                0x0000000008002ad0                EXTI15_10_IRQHandler
 .text.RTCAlarm_IRQHandler
                0x0000000008002ad4        0x4 obj.version1/stm32f10x_it.o
                0x0000000008002ad4                RTCAlarm_IRQHandler
 .text.USBWakeUp_IRQHandler
                0x0000000008002ad8        0xc obj.version1/stm32f10x_it.o
                0x0000000008002ad8                USBWakeUp_IRQHandler
 .text.USART1_Init
                0x0000000008002ae4       0x3c obj.version1/Hw_Config.o
                0x0000000008002ae4                USART1_Init
 .text.RCC_Configuration
                0x0000000008002b20       0x44 obj.version1/Hw_Config.o
                0x0000000008002b20                RCC_Configuration
 .text.NVIC_Configuration
                0x0000000008002b64       0x50 obj.version1/Hw_Config.o
                0x0000000008002b64                NVIC_Configuration
 .text.Enter_LowPowerMode
                0x0000000008002bb4       0x18 obj.version1/Hw_Config.o
                0x0000000008002bb4                Enter_LowPowerMode
 .text.Leave_LowPowerMode
                0x0000000008002bcc       0x4c obj.version1/Hw_Config.o
                0x0000000008002bcc                Leave_LowPowerMode
 .text.USB_Cable_Config
                0x0000000008002c18       0x20 obj.version1/Hw_Config.o
                0x0000000008002c18                USB_Cable_Config
 .text.GPIO_Configuration
                0x0000000008002c38       0x90 obj.version1/Hw_Config.o
                0x0000000008002c38                GPIO_Configuration
 .text.EXTI_Configuration
                0x0000000008002cc8       0x68 obj.version1/Hw_Config.o
                0x0000000008002cc8                EXTI_Configuration
 .text.Get_SerialNum
                0x0000000008002d30       0x54 obj.version1/Hw_Config.o
                0x0000000008002d30                Get_SerialNum
 .text.Delay    0x0000000008002d84       0x1c obj.version1/Hw_Config.o
                0x0000000008002d84                Delay
 .text.TimingDelay_Decrement
                0x0000000008002da0       0x14 obj.version1/Hw_Config.o
                0x0000000008002da0                TimingDelay_Decrement
 .text.main     0x0000000008002db4       0x6c obj.version1/Main.o
                0x0000000008002db4                main
 .text.EP1_IN_Callback
                0x0000000008002e20       0x10 obj.version1/usb_endp.o
                0x0000000008002e20                EP1_IN_Callback
 .text.EP1_OUT_Callback
                0x0000000008002e30       0x74 obj.version1/usb_endp.o
                0x0000000008002e30                EP1_OUT_Callback
 .text.CustomHID_Status_In
                0x0000000008002ea4        0x4 obj.version1/usb_prop.o
                0x0000000008002ea4                CustomHID_Status_In
 .text.CustomHID_Status_Out
                0x0000000008002ea8        0x4 obj.version1/usb_prop.o
                0x0000000008002ea8                CustomHID_Status_Out
 .text.CustomHID_Data_Setup
                0x0000000008002eac       0x74 obj.version1/usb_prop.o
                0x0000000008002eac                CustomHID_Data_Setup
 .text.CustomHID_Get_Interface_Setting
                0x0000000008002f20       0x10 obj.version1/usb_prop.o
                0x0000000008002f20                CustomHID_Get_Interface_Setting
 .text.CustomHID_GetProtocolValue
                0x0000000008002f30       0x18 obj.version1/usb_prop.o
                0x0000000008002f30                CustomHID_GetProtocolValue
 .text.CustomHID_init
                0x0000000008002f48       0x3c obj.version1/usb_prop.o
                0x0000000008002f48                CustomHID_init
 .text.CustomHID_Reset
                0x0000000008002f84       0xb0 obj.version1/usb_prop.o
                0x0000000008002f84                CustomHID_Reset
 .text.CustomHID_GetDeviceDescriptor
                0x0000000008003034       0x10 obj.version1/usb_prop.o
                0x0000000008003034                CustomHID_GetDeviceDescriptor
 .text.CustomHID_GetConfigDescriptor
                0x0000000008003044       0x10 obj.version1/usb_prop.o
                0x0000000008003044                CustomHID_GetConfigDescriptor
 .text.CustomHID_GetStringDescriptor
                0x0000000008003054       0x24 obj.version1/usb_prop.o
                0x0000000008003054                CustomHID_GetStringDescriptor
 .text.CustomHID_GetReportDescriptor
                0x0000000008003078       0x10 obj.version1/usb_prop.o
                0x0000000008003078                CustomHID_GetReportDescriptor
 .text.CustomHID_GetHIDDescriptor
                0x0000000008003088       0x10 obj.version1/usb_prop.o
                0x0000000008003088                CustomHID_GetHIDDescriptor
 .text.CustomHID_SetProtocol
                0x0000000008003098       0x18 obj.version1/usb_prop.o
                0x0000000008003098                CustomHID_SetProtocol
 .text.CustomHID_NoData_Setup
                0x00000000080030b0       0x28 obj.version1/usb_prop.o
                0x00000000080030b0                CustomHID_NoData_Setup
 .text.USB_Istr
                0x00000000080030d8       0xfc obj.version1/usb_istr.o
                0x00000000080030d8                USB_Istr
 .text.PowerOn  0x00000000080031d4       0x28 obj.version1/usb_pwr.o
                0x00000000080031d4                PowerOn
 .text.Suspend  0x00000000080031fc       0x24 obj.version1/usb_pwr.o
                0x00000000080031fc                Suspend
 .text.Resume_Init
                0x0000000008003220       0x20 obj.version1/usb_pwr.o
                0x0000000008003220                Resume_Init
 .text.Resume   0x0000000008003240       0xac obj.version1/usb_pwr.o
                0x0000000008003240                Resume
 .text.memset   0x00000000080032ec       0x10 /usr/local/Cellar/gcc-arm-none-eabi/20160926/bin/../lib/gcc/arm-none-eabi/5.4.1/../../../../arm-none-eabi/lib/armv7-m/libc_nano.a(lib_a-memset.o)
                0x00000000080032ec                memset
 .text.__cvt    0x00000000080032fc       0xc0 /usr/local/Cellar/gcc-arm-none-eabi/20160926/bin/../lib/gcc/arm-none-eabi/5.4.1/../../../../arm-none-eabi/lib/armv7-m/libc_nano.a(lib_a-nano-vfprintf_float.o)
                0x00000000080032fc                __cvt
 .text.__exponent
                0x00000000080033bc       0x62 /usr/local/Cellar/gcc-arm-none-eabi/20160926/bin/../lib/gcc/arm-none-eabi/5.4.1/../../../../arm-none-eabi/lib/armv7-m/libc_nano.a(lib_a-nano-vfprintf_float.o)
                0x00000000080033bc                __exponent
 *fill*         0x000000000800341e        0x2 
 .text._printf_float
                0x0000000008003420      0x488 /usr/local/Cellar/gcc-arm-none-eabi/20160926/bin/../lib/gcc/arm-none-eabi/5.4.1/../../../../arm-none-eabi/lib/armv7-m/libc_nano.a(lib_a-nano-vfprintf_float.o)
                0x0000000008003420                _printf_float
 .text._printf_common
                0x00000000080038a8       0xec /usr/local/Cellar/gcc-arm-none-eabi/20160926/bin/../lib/gcc/arm-none-eabi/5.4.1/../../../../arm-none-eabi/lib/armv7-m/libc_nano.a(lib_a-nano-vfprintf_i.o)
                0x00000000080038a8                _printf_common
 .text._printf_i
                0x0000000008003994      0x24c /usr/local/Cellar/gcc-arm-none-eabi/20160926/bin/../lib/gcc/arm-none-eabi/5.4.1/../../../../arm-none-eabi/lib/armv7-m/libc_nano.a(lib_a-nano-vfprintf_i.o)
                0x0000000008003994                _printf_i
 .text._scanf_float
                0x0000000008003be0      0x3bc /usr/local/Cellar/gcc-arm-none-eabi/20160926/bin/../lib/gcc/arm-none-eabi/5.4.1/../../../../arm-none-eabi/lib/armv7-m/libc_nano.a(lib_a-nano-vfscanf_float.o)
                0x0000000008003be0                _scanf_float
 .text.printf   0x0000000008003f9c       0x30 /usr/local/Cellar/gcc-arm-none-eabi/20160926/bin/../lib/gcc/arm-none-eabi/5.4.1/../../../../arm-none-eabi/lib/armv7-m/libc_nano.a(lib_a-printf.o)
                0x0000000008003f9c                printf
                0x0000000008003f9c                iprintf
 .text._puts_r  0x0000000008003fcc       0xb4 /usr/local/Cellar/gcc-arm-none-eabi/20160926/bin/../lib/gcc/arm-none-eabi/5.4.1/../../../../arm-none-eabi/lib/armv7-m/libc_nano.a(lib_a-puts.o)
                0x0000000008003fcc                _puts_r
 .text.puts     0x0000000008004080       0x10 /usr/local/Cellar/gcc-arm-none-eabi/20160926/bin/../lib/gcc/arm-none-eabi/5.4.1/../../../../arm-none-eabi/lib/armv7-m/libc_nano.a(lib_a-puts.o)
                0x0000000008004080                puts
 .text.nanf     0x0000000008004090        0x8 /usr/local/Cellar/gcc-arm-none-eabi/20160926/bin/../lib/gcc/arm-none-eabi/5.4.1/../../../../arm-none-eabi/lib/armv7-m/libc_nano.a(lib_a-sf_nan.o)
                0x0000000008004090                nanf
 .text.sprintf  0x0000000008004098       0x48 /usr/local/Cellar/gcc-arm-none-eabi/20160926/bin/../lib/gcc/arm-none-eabi/5.4.1/../../../../arm-none-eabi/lib/armv7-m/libc_nano.a(lib_a-sprintf.o)
                0x0000000008004098                sprintf
                0x0000000008004098                siprintf
 .text.unlikely.sulp
                0x00000000080040e0       0x42 /usr/local/Cellar/gcc-arm-none-eabi/20160926/bin/../lib/gcc/arm-none-eabi/5.4.1/../../../../arm-none-eabi/lib/armv7-m/libc_nano.a(lib_a-strtod.o)
 *fill*         0x0000000008004122        0x6 
 .text._strtod_l
                0x0000000008004128      0xbe8 /usr/local/Cellar/gcc-arm-none-eabi/20160926/bin/../lib/gcc/arm-none-eabi/5.4.1/../../../../arm-none-eabi/lib/armv7-m/libc_nano.a(lib_a-strtod.o)
                0x0000000008004128                _strtod_l
 .text._strtod_r
                0x0000000008004d10       0x20 /usr/local/Cellar/gcc-arm-none-eabi/20160926/bin/../lib/gcc/arm-none-eabi/5.4.1/../../../../arm-none-eabi/lib/armv7-m/libc_nano.a(lib_a-strtod.o)
                0x0000000008004d10                _strtod_r
 .text._strtol_l.isra.0
                0x0000000008004d30      0x110 /usr/local/Cellar/gcc-arm-none-eabi/20160926/bin/../lib/gcc/arm-none-eabi/5.4.1/../../../../arm-none-eabi/lib/armv7-m/libc_nano.a(lib_a-strtol.o)
 .text._strtol_r
                0x0000000008004e40       0x24 /usr/local/Cellar/gcc-arm-none-eabi/20160926/bin/../lib/gcc/arm-none-eabi/5.4.1/../../../../arm-none-eabi/lib/armv7-m/libc_nano.a(lib_a-strtol.o)
                0x0000000008004e40                _strtol_r
 .text.__swbuf_r
                0x0000000008004e64       0xa8 /usr/local/Cellar/gcc-arm-none-eabi/20160926/bin/../lib/gcc/arm-none-eabi/5.4.1/../../../../arm-none-eabi/lib/armv7-m/libc_nano.a(lib_a-wbuf.o)
                0x0000000008004e64                __swbuf_r
 .text.__swsetup_r
                0x0000000008004f0c       0xdc /usr/local/Cellar/gcc-arm-none-eabi/20160926/bin/../lib/gcc/arm-none-eabi/5.4.1/../../../../arm-none-eabi/lib/armv7-m/libc_nano.a(lib_a-wsetup.o)
                0x0000000008004f0c                __swsetup_r
 .text.quorem   0x0000000008004fe8      0x116 /usr/local/Cellar/gcc-arm-none-eabi/20160926/bin/../lib/gcc/arm-none-eabi/5.4.1/../../../../arm-none-eabi/lib/armv7-m/libc_nano.a(lib_a-dtoa.o)
 *fill*         0x00000000080050fe        0x2 
 .text._dtoa_r  0x0000000008005100      0xb30 /usr/local/Cellar/gcc-arm-none-eabi/20160926/bin/../lib/gcc/arm-none-eabi/5.4.1/../../../../arm-none-eabi/lib/armv7-m/libc_nano.a(lib_a-dtoa.o)
                0x0000000008005100                _dtoa_r
 .text.__sflush_r
                0x0000000008005c30      0x10c /usr/local/Cellar/gcc-arm-none-eabi/20160926/bin/../lib/gcc/arm-none-eabi/5.4.1/../../../../arm-none-eabi/lib/armv7-m/libc_nano.a(lib_a-fflush.o)
                0x0000000008005c30                __sflush_r
 .text._fflush_r
                0x0000000008005d3c       0x54 /usr/local/Cellar/gcc-arm-none-eabi/20160926/bin/../lib/gcc/arm-none-eabi/5.4.1/../../../../arm-none-eabi/lib/armv7-m/libc_nano.a(lib_a-fflush.o)
                0x0000000008005d3c                _fflush_r
 .text._cleanup_r
                0x0000000008005d90        0xc /usr/local/Cellar/gcc-arm-none-eabi/20160926/bin/../lib/gcc/arm-none-eabi/5.4.1/../../../../arm-none-eabi/lib/armv7-m/libc_nano.a(lib_a-findfp.o)
                0x0000000008005d90                _cleanup_r
 .text.std.isra.0
                0x0000000008005d9c       0x48 /usr/local/Cellar/gcc-arm-none-eabi/20160926/bin/../lib/gcc/arm-none-eabi/5.4.1/../../../../arm-none-eabi/lib/armv7-m/libc_nano.a(lib_a-findfp.o)
 .text.__sfmoreglue
                0x0000000008005de4       0x2c /usr/local/Cellar/gcc-arm-none-eabi/20160926/bin/../lib/gcc/arm-none-eabi/5.4.1/../../../../arm-none-eabi/lib/armv7-m/libc_nano.a(lib_a-findfp.o)
                0x0000000008005de4                __sfmoreglue
 .text.__sinit  0x0000000008005e10       0x60 /usr/local/Cellar/gcc-arm-none-eabi/20160926/bin/../lib/gcc/arm-none-eabi/5.4.1/../../../../arm-none-eabi/lib/armv7-m/libc_nano.a(lib_a-findfp.o)
                0x0000000008005e10                __sinit
 .text.__sfp    0x0000000008005e70       0x78 /usr/local/Cellar/gcc-arm-none-eabi/20160926/bin/../lib/gcc/arm-none-eabi/5.4.1/../../../../arm-none-eabi/lib/armv7-m/libc_nano.a(lib_a-findfp.o)
                0x0000000008005e70                __sfp
 .text._fwalk_reent
                0x0000000008005ee8       0x3c /usr/local/Cellar/gcc-arm-none-eabi/20160926/bin/../lib/gcc/arm-none-eabi/5.4.1/../../../../arm-none-eabi/lib/armv7-m/libc_nano.a(lib_a-fwalk.o)
                0x0000000008005ee8                _fwalk_reent
 .text.rshift   0x0000000008005f24       0x6c /usr/local/Cellar/gcc-arm-none-eabi/20160926/bin/../lib/gcc/arm-none-eabi/5.4.1/../../../../arm-none-eabi/lib/armv7-m/libc_nano.a(lib_a-gdtoa-gethex.o)
 .text.__hexdig_fun
                0x0000000008005f90       0x2a /usr/local/Cellar/gcc-arm-none-eabi/20160926/bin/../lib/gcc/arm-none-eabi/5.4.1/../../../../arm-none-eabi/lib/armv7-m/libc_nano.a(lib_a-gdtoa-gethex.o)
                0x0000000008005f90                __hexdig_fun
 .text.__gethex
                0x0000000008005fba      0x440 /usr/local/Cellar/gcc-arm-none-eabi/20160926/bin/../lib/gcc/arm-none-eabi/5.4.1/../../../../arm-none-eabi/lib/armv7-m/libc_nano.a(lib_a-gdtoa-gethex.o)
                0x0000000008005fba                __gethex
 .text.L_shift  0x00000000080063fa       0x24 /usr/local/Cellar/gcc-arm-none-eabi/20160926/bin/../lib/gcc/arm-none-eabi/5.4.1/../../../../arm-none-eabi/lib/armv7-m/libc_nano.a(lib_a-gdtoa-hexnan.o)
 .text.__match  0x000000000800641e       0x26 /usr/local/Cellar/gcc-arm-none-eabi/20160926/bin/../lib/gcc/arm-none-eabi/5.4.1/../../../../arm-none-eabi/lib/armv7-m/libc_nano.a(lib_a-gdtoa-hexnan.o)
                0x000000000800641e                __match
 .text.__hexnan
                0x0000000008006444      0x11c /usr/local/Cellar/gcc-arm-none-eabi/20160926/bin/../lib/gcc/arm-none-eabi/5.4.1/../../../../arm-none-eabi/lib/armv7-m/libc_nano.a(lib_a-gdtoa-hexnan.o)
                0x0000000008006444                __hexnan
 .text.__locale_ctype_ptr_l
                0x0000000008006560        0x6 /usr/local/Cellar/gcc-arm-none-eabi/20160926/bin/../lib/gcc/arm-none-eabi/5.4.1/../../../../arm-none-eabi/lib/armv7-m/libc_nano.a(lib_a-locale.o)
                0x0000000008006560                __locale_ctype_ptr_l
 .text.__localeconv_l
                0x0000000008006566        0x4 /usr/local/Cellar/gcc-arm-none-eabi/20160926/bin/../lib/gcc/arm-none-eabi/5.4.1/../../../../arm-none-eabi/lib/armv7-m/libc_nano.a(lib_a-localeconv.o)
                0x0000000008006566                __localeconv_l
 *fill*         0x000000000800656a        0x2 
 .text._localeconv_r
                0x000000000800656c       0x1c /usr/local/Cellar/gcc-arm-none-eabi/20160926/bin/../lib/gcc/arm-none-eabi/5.4.1/../../../../arm-none-eabi/lib/armv7-m/libc_nano.a(lib_a-localeconv.o)
                0x000000000800656c                _localeconv_r
 .text.__swhatbuf_r
                0x0000000008006588       0x46 /usr/local/Cellar/gcc-arm-none-eabi/20160926/bin/../lib/gcc/arm-none-eabi/5.4.1/../../../../arm-none-eabi/lib/armv7-m/libc_nano.a(lib_a-makebuf.o)
                0x0000000008006588                __swhatbuf_r
 *fill*         0x00000000080065ce        0x2 
 .text.__smakebuf_r
                0x00000000080065d0       0x78 /usr/local/Cellar/gcc-arm-none-eabi/20160926/bin/../lib/gcc/arm-none-eabi/5.4.1/../../../../arm-none-eabi/lib/armv7-m/libc_nano.a(lib_a-makebuf.o)
                0x00000000080065d0                __smakebuf_r
 .text.malloc   0x0000000008006648       0x10 /usr/local/Cellar/gcc-arm-none-eabi/20160926/bin/../lib/gcc/arm-none-eabi/5.4.1/../../../../arm-none-eabi/lib/armv7-m/libc_nano.a(lib_a-malloc.o)
                0x0000000008006648                malloc
 .text.__ascii_mbtowc
                0x0000000008006658       0x24 /usr/local/Cellar/gcc-arm-none-eabi/20160926/bin/../lib/gcc/arm-none-eabi/5.4.1/../../../../arm-none-eabi/lib/armv7-m/libc_nano.a(lib_a-mbtowc_r.o)
                0x0000000008006658                __ascii_mbtowc
 .text.memchr   0x000000000800667c       0x1c /usr/local/Cellar/gcc-arm-none-eabi/20160926/bin/../lib/gcc/arm-none-eabi/5.4.1/../../../../arm-none-eabi/lib/armv7-m/libc_nano.a(lib_a-memchr-stub.o)
                0x000000000800667c                memchr
 .text.memcpy   0x0000000008006698       0x16 /usr/local/Cellar/gcc-arm-none-eabi/20160926/bin/../lib/gcc/arm-none-eabi/5.4.1/../../../../arm-none-eabi/lib/armv7-m/libc_nano.a(lib_a-memcpy-stub.o)
                0x0000000008006698                memcpy
 .text._Balloc  0x00000000080066ae       0x6a /usr/local/Cellar/gcc-arm-none-eabi/20160926/bin/../lib/gcc/arm-none-eabi/5.4.1/../../../../arm-none-eabi/lib/armv7-m/libc_nano.a(lib_a-mprec.o)
                0x00000000080066ae                _Balloc
 .text._Bfree   0x0000000008006718       0x2e /usr/local/Cellar/gcc-arm-none-eabi/20160926/bin/../lib/gcc/arm-none-eabi/5.4.1/../../../../arm-none-eabi/lib/armv7-m/libc_nano.a(lib_a-mprec.o)
                0x0000000008006718                _Bfree
 .text.__multadd
                0x0000000008006746       0x76 /usr/local/Cellar/gcc-arm-none-eabi/20160926/bin/../lib/gcc/arm-none-eabi/5.4.1/../../../../arm-none-eabi/lib/armv7-m/libc_nano.a(lib_a-mprec.o)
                0x0000000008006746                __multadd
 .text.__s2b    0x00000000080067bc       0x7c /usr/local/Cellar/gcc-arm-none-eabi/20160926/bin/../lib/gcc/arm-none-eabi/5.4.1/../../../../arm-none-eabi/lib/armv7-m/libc_nano.a(lib_a-mprec.o)
                0x00000000080067bc                __s2b
 .text.__hi0bits
                0x0000000008006838       0x40 /usr/local/Cellar/gcc-arm-none-eabi/20160926/bin/../lib/gcc/arm-none-eabi/5.4.1/../../../../arm-none-eabi/lib/armv7-m/libc_nano.a(lib_a-mprec.o)
                0x0000000008006838                __hi0bits
 .text.__lo0bits
                0x0000000008006878       0x5a /usr/local/Cellar/gcc-arm-none-eabi/20160926/bin/../lib/gcc/arm-none-eabi/5.4.1/../../../../arm-none-eabi/lib/armv7-m/libc_nano.a(lib_a-mprec.o)
                0x0000000008006878                __lo0bits
 .text.__i2b    0x00000000080068d2       0x12 /usr/local/Cellar/gcc-arm-none-eabi/20160926/bin/../lib/gcc/arm-none-eabi/5.4.1/../../../../arm-none-eabi/lib/armv7-m/libc_nano.a(lib_a-mprec.o)
                0x00000000080068d2                __i2b
 .text.__multiply
                0x00000000080068e4      0x120 /usr/local/Cellar/gcc-arm-none-eabi/20160926/bin/../lib/gcc/arm-none-eabi/5.4.1/../../../../arm-none-eabi/lib/armv7-m/libc_nano.a(lib_a-mprec.o)
                0x00000000080068e4                __multiply
 .text.__pow5mult
                0x0000000008006a04       0x9c /usr/local/Cellar/gcc-arm-none-eabi/20160926/bin/../lib/gcc/arm-none-eabi/5.4.1/../../../../arm-none-eabi/lib/armv7-m/libc_nano.a(lib_a-mprec.o)
                0x0000000008006a04                __pow5mult
 .text.__lshift
                0x0000000008006aa0       0xa2 /usr/local/Cellar/gcc-arm-none-eabi/20160926/bin/../lib/gcc/arm-none-eabi/5.4.1/../../../../arm-none-eabi/lib/armv7-m/libc_nano.a(lib_a-mprec.o)
                0x0000000008006aa0                __lshift
 .text.__mcmp   0x0000000008006b42       0x38 /usr/local/Cellar/gcc-arm-none-eabi/20160926/bin/../lib/gcc/arm-none-eabi/5.4.1/../../../../arm-none-eabi/lib/armv7-m/libc_nano.a(lib_a-mprec.o)
                0x0000000008006b42                __mcmp
 .text.__mdiff  0x0000000008006b7a       0xbe /usr/local/Cellar/gcc-arm-none-eabi/20160926/bin/../lib/gcc/arm-none-eabi/5.4.1/../../../../arm-none-eabi/lib/armv7-m/libc_nano.a(lib_a-mprec.o)
                0x0000000008006b7a                __mdiff
 .text.__ulp    0x0000000008006c38       0x48 /usr/local/Cellar/gcc-arm-none-eabi/20160926/bin/../lib/gcc/arm-none-eabi/5.4.1/../../../../arm-none-eabi/lib/armv7-m/libc_nano.a(lib_a-mprec.o)
                0x0000000008006c38                __ulp
 .text.__b2d    0x0000000008006c80       0x9a /usr/local/Cellar/gcc-arm-none-eabi/20160926/bin/../lib/gcc/arm-none-eabi/5.4.1/../../../../arm-none-eabi/lib/armv7-m/libc_nano.a(lib_a-mprec.o)
                0x0000000008006c80                __b2d
 .text.__d2b    0x0000000008006d1a       0x9c /usr/local/Cellar/gcc-arm-none-eabi/20160926/bin/../lib/gcc/arm-none-eabi/5.4.1/../../../../arm-none-eabi/lib/armv7-m/libc_nano.a(lib_a-mprec.o)
                0x0000000008006d1a                __d2b
 .text.__ratio  0x0000000008006db6       0x50 /usr/local/Cellar/gcc-arm-none-eabi/20160926/bin/../lib/gcc/arm-none-eabi/5.4.1/../../../../arm-none-eabi/lib/armv7-m/libc_nano.a(lib_a-mprec.o)
                0x0000000008006db6                __ratio
 .text.__copybits
                0x0000000008006e06       0x34 /usr/local/Cellar/gcc-arm-none-eabi/20160926/bin/../lib/gcc/arm-none-eabi/5.4.1/../../../../arm-none-eabi/lib/armv7-m/libc_nano.a(lib_a-mprec.o)
                0x0000000008006e06                __copybits
 .text.__any_on
                0x0000000008006e3a       0x44 /usr/local/Cellar/gcc-arm-none-eabi/20160926/bin/../lib/gcc/arm-none-eabi/5.4.1/../../../../arm-none-eabi/lib/armv7-m/libc_nano.a(lib_a-mprec.o)
                0x0000000008006e3a                __any_on
 .text._calloc_r
                0x0000000008006e7e       0x1c /usr/local/Cellar/gcc-arm-none-eabi/20160926/bin/../lib/gcc/arm-none-eabi/5.4.1/../../../../arm-none-eabi/lib/armv7-m/libc_nano.a(lib_a-nano-callocr.o)
                0x0000000008006e7e                _calloc_r
 *fill*         0x0000000008006e9a        0x2 
 .text._free_r  0x0000000008006e9c       0x98 /usr/local/Cellar/gcc-arm-none-eabi/20160926/bin/../lib/gcc/arm-none-eabi/5.4.1/../../../../arm-none-eabi/lib/armv7-m/libc_nano.a(lib_a-nano-freer.o)
                0x0000000008006e9c                _free_r
 .text._malloc_r
                0x0000000008006f34       0xbc /usr/local/Cellar/gcc-arm-none-eabi/20160926/bin/../lib/gcc/arm-none-eabi/5.4.1/../../../../arm-none-eabi/lib/armv7-m/libc_nano.a(lib_a-nano-mallocr.o)
                0x0000000008006f34                _malloc_r
 .text.__ssputs_r
                0x0000000008006ff0       0xb2 /usr/local/Cellar/gcc-arm-none-eabi/20160926/bin/../lib/gcc/arm-none-eabi/5.4.1/../../../../arm-none-eabi/lib/armv7-m/libc_nano.a(lib_a-nano-svfprintf.o)
                0x0000000008006ff0                __ssputs_r
 *fill*         0x00000000080070a2        0x2 
 .text._svfprintf_r
                0x00000000080070a4      0x1e8 /usr/local/Cellar/gcc-arm-none-eabi/20160926/bin/../lib/gcc/arm-none-eabi/5.4.1/../../../../arm-none-eabi/lib/armv7-m/libc_nano.a(lib_a-nano-svfprintf.o)
                0x00000000080070a4                _svfprintf_r
                0x00000000080070a4                _svfiprintf_r
 .text.__sfputc_r
                0x000000000800728c       0x2c /usr/local/Cellar/gcc-arm-none-eabi/20160926/bin/../lib/gcc/arm-none-eabi/5.4.1/../../../../arm-none-eabi/lib/armv7-m/libc_nano.a(lib_a-nano-vfprintf.o)
 .text.__sfputs_r
                0x00000000080072b8       0x24 /usr/local/Cellar/gcc-arm-none-eabi/20160926/bin/../lib/gcc/arm-none-eabi/5.4.1/../../../../arm-none-eabi/lib/armv7-m/libc_nano.a(lib_a-nano-vfprintf.o)
                0x00000000080072b8                __sfputs_r
 .text._vfprintf_r
                0x00000000080072dc      0x238 /usr/local/Cellar/gcc-arm-none-eabi/20160926/bin/../lib/gcc/arm-none-eabi/5.4.1/../../../../arm-none-eabi/lib/armv7-m/libc_nano.a(lib_a-nano-vfprintf.o)
                0x00000000080072dc                _vfiprintf_r
                0x00000000080072dc                _vfprintf_r
 .text._sbrk_r  0x0000000008007514       0x20 /usr/local/Cellar/gcc-arm-none-eabi/20160926/bin/../lib/gcc/arm-none-eabi/5.4.1/../../../../arm-none-eabi/lib/armv7-m/libc_nano.a(lib_a-sbrkr.o)
                0x0000000008007514                _sbrk_r
 .text.__sread  0x0000000008007534       0x22 /usr/local/Cellar/gcc-arm-none-eabi/20160926/bin/../lib/gcc/arm-none-eabi/5.4.1/../../../../arm-none-eabi/lib/armv7-m/libc_nano.a(lib_a-stdio.o)
                0x0000000008007534                __sread
 .text.__swrite
                0x0000000008007556       0x38 /usr/local/Cellar/gcc-arm-none-eabi/20160926/bin/../lib/gcc/arm-none-eabi/5.4.1/../../../../arm-none-eabi/lib/armv7-m/libc_nano.a(lib_a-stdio.o)
                0x0000000008007556                __swrite
 .text.__sseek  0x000000000800758e       0x24 /usr/local/Cellar/gcc-arm-none-eabi/20160926/bin/../lib/gcc/arm-none-eabi/5.4.1/../../../../arm-none-eabi/lib/armv7-m/libc_nano.a(lib_a-stdio.o)
                0x000000000800758e                __sseek
 .text.__sclose
                0x00000000080075b2        0x8 /usr/local/Cellar/gcc-arm-none-eabi/20160926/bin/../lib/gcc/arm-none-eabi/5.4.1/../../../../arm-none-eabi/lib/armv7-m/libc_nano.a(lib_a-stdio.o)
                0x00000000080075b2                __sclose
 .text.strncmp  0x00000000080075ba       0x2a /usr/local/Cellar/gcc-arm-none-eabi/20160926/bin/../lib/gcc/arm-none-eabi/5.4.1/../../../../arm-none-eabi/lib/armv7-m/libc_nano.a(lib_a-strncmp.o)
                0x00000000080075ba                strncmp
 .text.__ascii_wctomb
                0x00000000080075e4       0x1a /usr/local/Cellar/gcc-arm-none-eabi/20160926/bin/../lib/gcc/arm-none-eabi/5.4.1/../../../../arm-none-eabi/lib/armv7-m/libc_nano.a(lib_a-wctomb_r.o)
                0x00000000080075e4                __ascii_wctomb
 *fill*         0x00000000080075fe        0x2 
 .text._write_r
                0x0000000008007600       0x24 /usr/local/Cellar/gcc-arm-none-eabi/20160926/bin/../lib/gcc/arm-none-eabi/5.4.1/../../../../arm-none-eabi/lib/armv7-m/libc_nano.a(lib_a-writer.o)
                0x0000000008007600                _write_r
 .text._close_r
                0x0000000008007624       0x20 /usr/local/Cellar/gcc-arm-none-eabi/20160926/bin/../lib/gcc/arm-none-eabi/5.4.1/../../../../arm-none-eabi/lib/armv7-m/libc_nano.a(lib_a-closer.o)
                0x0000000008007624                _close_r
 .text._fstat_r
                0x0000000008007644       0x24 /usr/local/Cellar/gcc-arm-none-eabi/20160926/bin/../lib/gcc/arm-none-eabi/5.4.1/../../../../arm-none-eabi/lib/armv7-m/libc_nano.a(lib_a-fstatr.o)
                0x0000000008007644                _fstat_r
 .text._isatty_r
                0x0000000008007668       0x20 /usr/local/Cellar/gcc-arm-none-eabi/20160926/bin/../lib/gcc/arm-none-eabi/5.4.1/../../../../arm-none-eabi/lib/armv7-m/libc_nano.a(lib_a-isattyr.o)
                0x0000000008007668                _isatty_r
 .text._lseek_r
                0x0000000008007688       0x24 /usr/local/Cellar/gcc-arm-none-eabi/20160926/bin/../lib/gcc/arm-none-eabi/5.4.1/../../../../arm-none-eabi/lib/armv7-m/libc_nano.a(lib_a-lseekr.o)
                0x0000000008007688                _lseek_r
 .text.memmove  0x00000000080076ac       0x36 /usr/local/Cellar/gcc-arm-none-eabi/20160926/bin/../lib/gcc/arm-none-eabi/5.4.1/../../../../arm-none-eabi/lib/armv7-m/libc_nano.a(lib_a-memmove.o)
                0x00000000080076ac                memmove
 .text.__malloc_lock
                0x00000000080076e2        0x2 /usr/local/Cellar/gcc-arm-none-eabi/20160926/bin/../lib/gcc/arm-none-eabi/5.4.1/../../../../arm-none-eabi/lib/armv7-m/libc_nano.a(lib_a-mlock.o)
                0x00000000080076e2                __malloc_lock
 .text.__malloc_unlock
                0x00000000080076e4        0x2 /usr/local/Cellar/gcc-arm-none-eabi/20160926/bin/../lib/gcc/arm-none-eabi/5.4.1/../../../../arm-none-eabi/lib/armv7-m/libc_nano.a(lib_a-mlock.o)
                0x00000000080076e4                __malloc_unlock
 .text._realloc_r
                0x00000000080076e6       0x4c /usr/local/Cellar/gcc-arm-none-eabi/20160926/bin/../lib/gcc/arm-none-eabi/5.4.1/../../../../arm-none-eabi/lib/armv7-m/libc_nano.a(lib_a-nano-reallocr.o)
                0x00000000080076e6                _realloc_r
 *fill*         0x0000000008007732        0x2 
 .text._read_r  0x0000000008007734       0x24 /usr/local/Cellar/gcc-arm-none-eabi/20160926/bin/../lib/gcc/arm-none-eabi/5.4.1/../../../../arm-none-eabi/lib/armv7-m/libc_nano.a(lib_a-readr.o)
                0x0000000008007734                _read_r
 .text._malloc_usable_size_r
                0x0000000008007758       0x14 /usr/local/Cellar/gcc-arm-none-eabi/20160926/bin/../lib/gcc/arm-none-eabi/5.4.1/../../../../arm-none-eabi/lib/armv7-m/libc_nano.a(lib_a-nano-msizer.o)
                0x0000000008007758                _malloc_usable_size_r
 .text._close   0x000000000800776c       0x10 /usr/local/Cellar/gcc-arm-none-eabi/20160926/bin/../lib/gcc/arm-none-eabi/5.4.1/../../../../arm-none-eabi/lib/armv7-m/libnosys.a(close.o)
                0x000000000800776c                _close
 .text._fstat   0x000000000800777c       0x10 /usr/local/Cellar/gcc-arm-none-eabi/20160926/bin/../lib/gcc/arm-none-eabi/5.4.1/../../../../arm-none-eabi/lib/armv7-m/libnosys.a(fstat.o)
                0x000000000800777c                _fstat
 .text._isatty  0x000000000800778c       0x10 /usr/local/Cellar/gcc-arm-none-eabi/20160926/bin/../lib/gcc/arm-none-eabi/5.4.1/../../../../arm-none-eabi/lib/armv7-m/libnosys.a(isatty.o)
                0x000000000800778c                _isatty
 .text._lseek   0x000000000800779c       0x10 /usr/local/Cellar/gcc-arm-none-eabi/20160926/bin/../lib/gcc/arm-none-eabi/5.4.1/../../../../arm-none-eabi/lib/armv7-m/libnosys.a(lseek.o)
                0x000000000800779c                _lseek
 .text._read    0x00000000080077ac       0x10 /usr/local/Cellar/gcc-arm-none-eabi/20160926/bin/../lib/gcc/arm-none-eabi/5.4.1/../../../../arm-none-eabi/lib/armv7-m/libnosys.a(read.o)
                0x00000000080077ac                _read
 .text._sbrk    0x00000000080077bc       0x1c /usr/local/Cellar/gcc-arm-none-eabi/20160926/bin/../lib/gcc/arm-none-eabi/5.4.1/../../../../arm-none-eabi/lib/armv7-m/libnosys.a(sbrk.o)
                0x00000000080077bc                _sbrk
 *(.glue_7)
 .glue_7        0x00000000080077d8        0x0 linker stubs
 *(.glue_7t)
 .glue_7t       0x00000000080077d8        0x0 linker stubs
 *(.eh_frame)
 .eh_frame      0x00000000080077d8        0x0 /usr/local/Cellar/gcc-arm-none-eabi/20160926/bin/../lib/gcc/arm-none-eabi/5.4.1/armv7-m/crtbegin.o
 *(.init)
 .init          0x00000000080077d8        0x4 /usr/local/Cellar/gcc-arm-none-eabi/20160926/bin/../lib/gcc/arm-none-eabi/5.4.1/armv7-m/crti.o
                0x00000000080077d8                _init
 .init          0x00000000080077dc        0x8 /usr/local/Cellar/gcc-arm-none-eabi/20160926/bin/../lib/gcc/arm-none-eabi/5.4.1/armv7-m/crtn.o
 *(.fini)
 .fini          0x00000000080077e4        0x4 /usr/local/Cellar/gcc-arm-none-eabi/20160926/bin/../lib/gcc/arm-none-eabi/5.4.1/armv7-m/crti.o
                0x00000000080077e4                _fini
 .fini          0x00000000080077e8        0x8 /usr/local/Cellar/gcc-arm-none-eabi/20160926/bin/../lib/gcc/arm-none-eabi/5.4.1/armv7-m/crtn.o
                0x00000000080077f0                . = ALIGN (0x4)
                0x00000000080077f0                _etext = .

.vfp11_veneer   0x00000000080077f0        0x0
 .vfp11_veneer  0x00000000080077f0        0x0 linker stubs

.v4_bx          0x00000000080077f0        0x0
 .v4_bx         0x00000000080077f0        0x0 linker stubs

.iplt           0x00000000080077f0        0x0
 .iplt          0x00000000080077f0        0x0 /usr/local/Cellar/gcc-arm-none-eabi/20160926/bin/../lib/gcc/arm-none-eabi/5.4.1/armv7-m/crtbegin.o

.rodata         0x00000000080077f0      0x6a8
                0x00000000080077f0                . = ALIGN (0x4)
 *(.rodata)
 *(.rodata*)
 .rodata.str1.4
                0x00000000080077f0       0x2d obj.version1/misc.o
 *fill*         0x000000000800781d        0x3 
 .rodata.str1.4
                0x0000000008007820       0x36 obj.version1/stm32f10x_dma.o
 *fill*         0x0000000008007856        0x2 
 .rodata.str1.4
                0x0000000008007858       0x37 obj.version1/stm32f10x_exti.o
 *fill*         0x000000000800788f        0x1 
 .rodata.str1.4
                0x0000000008007890       0x37 obj.version1/stm32f10x_gpio.o
 *fill*         0x00000000080078c7        0x1 
 .rodata.str1.4
                0x00000000080078c8       0x36 obj.version1/stm32f10x_pwr.o
 *fill*         0x00000000080078fe        0x2 
 .rodata.str1.4
                0x0000000008007900       0x36 obj.version1/stm32f10x_rcc.o
 *fill*         0x0000000008007936        0x2 
 .rodata.str1.4
                0x0000000008007938       0x38 obj.version1/stm32f10x_usart.o
 .rodata.str1.4
                0x0000000008007970       0x71 obj.version1/debug.o
                                         0x7d (size before relaxing)
 *fill*         0x00000000080079e1        0x3 
 .rodata.str1.4
                0x00000000080079e4       0x31 obj.version1/stm32f10x_it.o
 *fill*         0x0000000008007a15        0x3 
 .rodata.str1.4
                0x0000000008007a18        0xc obj.version1/Main.o
                                          0x9 (size before relaxing)
 .rodata.CustomHID_DeviceDescriptor
                0x0000000008007a24       0x12 obj.version1/usb_desc.o
                0x0000000008007a24                CustomHID_DeviceDescriptor
 *fill*         0x0000000008007a36        0x2 
 .rodata.CustomHID_StringProduct
                0x0000000008007a38       0x20 obj.version1/usb_desc.o
                0x0000000008007a38                CustomHID_StringProduct
 .rodata.CustomHID_StringVendor
                0x0000000008007a58       0x26 obj.version1/usb_desc.o
                0x0000000008007a58                CustomHID_StringVendor
 *fill*         0x0000000008007a7e        0x2 
 .rodata.CustomHID_ReportDescriptor
                0x0000000008007a80       0xa2 obj.version1/usb_desc.o
                0x0000000008007a80                CustomHID_ReportDescriptor
 *fill*         0x0000000008007b22        0x2 
 .rodata.CustomHID_ConfigDescriptor
                0x0000000008007b24       0x29 obj.version1/usb_desc.o
                0x0000000008007b24                CustomHID_ConfigDescriptor
 *fill*         0x0000000008007b4d        0x3 
 .rodata.CustomHID_StringLangID
                0x0000000008007b50        0x4 obj.version1/usb_desc.o
                0x0000000008007b50                CustomHID_StringLangID
 .rodata.__FUNCTION__.8007
                0x0000000008007b54       0x11 obj.version1/usb_endp.o
 *fill*         0x0000000008007b65        0x3 
 .rodata.__FUNCTION__.8003
                0x0000000008007b68       0x10 obj.version1/usb_endp.o
 .rodata._global_impure_ptr
                0x0000000008007b78        0x4 /usr/local/Cellar/gcc-arm-none-eabi/20160926/bin/../lib/gcc/arm-none-eabi/5.4.1/../../../../arm-none-eabi/lib/armv7-m/libc_nano.a(lib_a-impure.o)
                0x0000000008007b78                _global_impure_ptr
 .rodata.str1.1
                0x0000000008007b7c       0x12 /usr/local/Cellar/gcc-arm-none-eabi/20160926/bin/../lib/gcc/arm-none-eabi/5.4.1/../../../../arm-none-eabi/lib/armv7-m/libc_nano.a(lib_a-nano-vfprintf_float.o)
 .rodata.str1.1
                0x0000000008007b8e       0x22 /usr/local/Cellar/gcc-arm-none-eabi/20160926/bin/../lib/gcc/arm-none-eabi/5.4.1/../../../../arm-none-eabi/lib/armv7-m/libc_nano.a(lib_a-nano-vfprintf_i.o)
 .rodata.str1.1
                0x0000000008007bb0        0x5 /usr/local/Cellar/gcc-arm-none-eabi/20160926/bin/../lib/gcc/arm-none-eabi/5.4.1/../../../../arm-none-eabi/lib/armv7-m/libc_nano.a(lib_a-nano-vfscanf_float.o)
 *fill*         0x0000000008007bb5        0x3 
 .rodata.tinytens
                0x0000000008007bb8       0x28 /usr/local/Cellar/gcc-arm-none-eabi/20160926/bin/../lib/gcc/arm-none-eabi/5.4.1/../../../../arm-none-eabi/lib/armv7-m/libc_nano.a(lib_a-strtod.o)
 .rodata.fpi.6179
                0x0000000008007be0       0x14 /usr/local/Cellar/gcc-arm-none-eabi/20160926/bin/../lib/gcc/arm-none-eabi/5.4.1/../../../../arm-none-eabi/lib/armv7-m/libc_nano.a(lib_a-strtod.o)
 .rodata.str1.1
                0x0000000008007bf4        0x5 /usr/local/Cellar/gcc-arm-none-eabi/20160926/bin/../lib/gcc/arm-none-eabi/5.4.1/../../../../arm-none-eabi/lib/armv7-m/libc_nano.a(lib_a-strtod.o)
                                          0xc (size before relaxing)
 .rodata.fpinan.6215
                0x0000000008007bf4       0x14 /usr/local/Cellar/gcc-arm-none-eabi/20160926/bin/../lib/gcc/arm-none-eabi/5.4.1/../../../../arm-none-eabi/lib/armv7-m/libc_nano.a(lib_a-strtod.o)
 .rodata.str1.1
                0x0000000008007c08        0xd /usr/local/Cellar/gcc-arm-none-eabi/20160926/bin/../lib/gcc/arm-none-eabi/5.4.1/../../../../arm-none-eabi/lib/armv7-m/libc_nano.a(lib_a-dtoa.o)
                                          0xf (size before relaxing)
 *fill*         0x0000000008007c15        0x3 
 .rodata.__sf_fake_stdin
                0x0000000008007c18       0x20 /usr/local/Cellar/gcc-arm-none-eabi/20160926/bin/../lib/gcc/arm-none-eabi/5.4.1/../../../../arm-none-eabi/lib/armv7-m/libc_nano.a(lib_a-findfp.o)
                0x0000000008007c18                __sf_fake_stdin
 .rodata.__sf_fake_stdout
                0x0000000008007c38       0x20 /usr/local/Cellar/gcc-arm-none-eabi/20160926/bin/../lib/gcc/arm-none-eabi/5.4.1/../../../../arm-none-eabi/lib/armv7-m/libc_nano.a(lib_a-findfp.o)
                0x0000000008007c38                __sf_fake_stdout
 .rodata.__sf_fake_stderr
                0x0000000008007c58       0x20 /usr/local/Cellar/gcc-arm-none-eabi/20160926/bin/../lib/gcc/arm-none-eabi/5.4.1/../../../../arm-none-eabi/lib/armv7-m/libc_nano.a(lib_a-findfp.o)
                0x0000000008007c58                __sf_fake_stderr
 .rodata.str1.1
                0x0000000008007c78        0xa /usr/local/Cellar/gcc-arm-none-eabi/20160926/bin/../lib/gcc/arm-none-eabi/5.4.1/../../../../arm-none-eabi/lib/armv7-m/libc_nano.a(lib_a-locale.o)
                                          0xb (size before relaxing)
 *fill*         0x0000000008007c82        0x6 
 .rodata.__mprec_tens
                0x0000000008007c88       0xc8 /usr/local/Cellar/gcc-arm-none-eabi/20160926/bin/../lib/gcc/arm-none-eabi/5.4.1/../../../../arm-none-eabi/lib/armv7-m/libc_nano.a(lib_a-mprec.o)
                0x0000000008007c88                __mprec_tens
 .rodata.__mprec_bigtens
                0x0000000008007d50       0x28 /usr/local/Cellar/gcc-arm-none-eabi/20160926/bin/../lib/gcc/arm-none-eabi/5.4.1/../../../../arm-none-eabi/lib/armv7-m/libc_nano.a(lib_a-mprec.o)
                0x0000000008007d50                __mprec_bigtens
 .rodata.p05.6097
                0x0000000008007d78        0xc /usr/local/Cellar/gcc-arm-none-eabi/20160926/bin/../lib/gcc/arm-none-eabi/5.4.1/../../../../arm-none-eabi/lib/armv7-m/libc_nano.a(lib_a-mprec.o)
 .rodata.str1.1
                0x0000000008007d84       0x11 /usr/local/Cellar/gcc-arm-none-eabi/20160926/bin/../lib/gcc/arm-none-eabi/5.4.1/../../../../arm-none-eabi/lib/armv7-m/libc_nano.a(lib_a-nano-svfprintf.o)
 .rodata.str1.1
                0x0000000008007d95       0x11 /usr/local/Cellar/gcc-arm-none-eabi/20160926/bin/../lib/gcc/arm-none-eabi/5.4.1/../../../../arm-none-eabi/lib/armv7-m/libc_nano.a(lib_a-nano-vfprintf.o)
 .rodata._ctype_
                0x0000000008007d95      0x101 /usr/local/Cellar/gcc-arm-none-eabi/20160926/bin/../lib/gcc/arm-none-eabi/5.4.1/../../../../arm-none-eabi/lib/armv7-m/libc_nano.a(lib_a-ctype_.o)
                0x0000000008007d95                _ctype_
                0x0000000008007e98                . = ALIGN (0x4)
 *fill*         0x0000000008007e96        0x2 

.rel.dyn        0x0000000008007e98        0x0
 .rel.iplt      0x0000000008007e98        0x0 /usr/local/Cellar/gcc-arm-none-eabi/20160926/bin/../lib/gcc/arm-none-eabi/5.4.1/armv7-m/crtbegin.o

.ARM.extab
 *(.ARM.extab* .gnu.linkonce.armextab.*)

.ARM            0x0000000008007e98        0x0
                0x0000000008007e98                __exidx_start = .
 *(.ARM.exidx*)
                0x0000000008007e98                __exidx_end = .

.preinit_array  0x0000000008007e98        0x0
                0x0000000008007e98                PROVIDE (__preinit_array_start, .)
 *(.preinit_array*)
                0x0000000008007e98                PROVIDE (__preinit_array_end, .)

.init_array     0x0000000008007e98        0x4
                0x0000000008007e98                PROVIDE (__init_array_start, .)
 *(SORT(.init_array.*))
 *(.init_array*)
 .init_array    0x0000000008007e98        0x4 /usr/local/Cellar/gcc-arm-none-eabi/20160926/bin/../lib/gcc/arm-none-eabi/5.4.1/armv7-m/crtbegin.o
                0x0000000008007e9c                PROVIDE (__init_array_end, .)

.fini_array     0x0000000008007e9c        0x4
                [!provide]                        PROVIDE (__fini_array_start, .)
 *(SORT(.fini_array.*))
 *(.fini_array*)
 .fini_array    0x0000000008007e9c        0x4 /usr/local/Cellar/gcc-arm-none-eabi/20160926/bin/../lib/gcc/arm-none-eabi/5.4.1/armv7-m/crtbegin.o
                [!provide]                        PROVIDE (__fini_array_end, .)
                0x0000000008007ea0                _sidata = LOADADDR (.data)

.data           0x0000000020000000      0x2b0 load address 0x0000000008007ea0
                0x0000000020000000                . = ALIGN (0x4)
                0x0000000020000000                _sdata = .
 *(.data)
 *(.data*)
 .data.ADCPrescTable
                0x0000000020000000        0x4 obj.version1/stm32f10x_rcc.o
 .data.APBAHBPrescTable
                0x0000000020000004       0x10 obj.version1/stm32f10x_rcc.o
 .data.CustomHID_StringSerial
                0x0000000020000014       0x1a obj.version1/usb_desc.o
                0x0000000020000014                CustomHID_StringSerial
 *fill*         0x000000002000002e        0x2 
 .data.Config_Descriptor
                0x0000000020000030        0x8 obj.version1/usb_prop.o
                0x0000000020000030                Config_Descriptor
 .data.Device_Property
                0x0000000020000038       0x30 obj.version1/usb_prop.o
                0x0000000020000038                Device_Property
 .data.CustomHID_Report_Descriptor
                0x0000000020000068        0x8 obj.version1/usb_prop.o
                0x0000000020000068                CustomHID_Report_Descriptor
 .data.Device_Descriptor
                0x0000000020000070        0x8 obj.version1/usb_prop.o
                0x0000000020000070                Device_Descriptor
 .data.String_Descriptor
                0x0000000020000078       0x20 obj.version1/usb_prop.o
                0x0000000020000078                String_Descriptor
 .data.CustomHID_Hid_Descriptor
                0x0000000020000098        0x8 obj.version1/usb_prop.o
                0x0000000020000098                CustomHID_Hid_Descriptor
 .data.Device_Table
                0x00000000200000a0        0x2 obj.version1/usb_prop.o
                0x00000000200000a0                Device_Table
 *fill*         0x00000000200000a2        0x2 
 .data.pEpInt_IN
                0x00000000200000a4       0x1c obj.version1/usb_istr.o
                0x00000000200000a4                pEpInt_IN
 .data.pEpInt_OUT
                0x00000000200000c0       0x1c obj.version1/usb_istr.o
                0x00000000200000c0                pEpInt_OUT
 .data.fSuspendEnabled
                0x00000000200000dc        0x1 obj.version1/usb_pwr.o
                0x00000000200000dc                fSuspendEnabled
 *fill*         0x00000000200000dd        0x3 
 .data.impure_data
                0x00000000200000e0       0x60 /usr/local/Cellar/gcc-arm-none-eabi/20160926/bin/../lib/gcc/arm-none-eabi/5.4.1/../../../../arm-none-eabi/lib/armv7-m/libc_nano.a(lib_a-impure.o)
 .data._impure_ptr
                0x0000000020000140        0x4 /usr/local/Cellar/gcc-arm-none-eabi/20160926/bin/../lib/gcc/arm-none-eabi/5.4.1/../../../../arm-none-eabi/lib/armv7-m/libc_nano.a(lib_a-impure.o)
                0x0000000020000140                _impure_ptr
 .data.__global_locale
                0x0000000020000144      0x16c /usr/local/Cellar/gcc-arm-none-eabi/20160926/bin/../lib/gcc/arm-none-eabi/5.4.1/../../../../arm-none-eabi/lib/armv7-m/libc_nano.a(lib_a-locale.o)
                0x0000000020000144                __global_locale
                0x00000000200002b0                . = ALIGN (0x4)
                0x00000000200002b0                _edata = .

.jcr            0x00000000200002b0        0x0 load address 0x0000000008008150
 .jcr           0x00000000200002b0        0x0 /usr/local/Cellar/gcc-arm-none-eabi/20160926/bin/../lib/gcc/arm-none-eabi/5.4.1/armv7-m/crtbegin.o

.igot.plt       0x00000000200002b0        0x0 load address 0x0000000008008150
 .igot.plt      0x00000000200002b0        0x0 /usr/local/Cellar/gcc-arm-none-eabi/20160926/bin/../lib/gcc/arm-none-eabi/5.4.1/armv7-m/crtbegin.o
                0x00000000200002b0                . = ALIGN (0x4)

.bss            0x00000000200002b0       0xa8 load address 0x0000000008008150
                0x00000000200002b0                _sbss = .
                0x00000000200002b0                __bss_start__ = _sbss
 *(.bss)
 .bss           0x00000000200002b0       0x1c /usr/local/Cellar/gcc-arm-none-eabi/20160926/bin/../lib/gcc/arm-none-eabi/5.4.1/armv7-m/crtbegin.o
 *(.bss*)
 .bss.Data_Mul_MaxPacketSize
                0x00000000200002cc        0x1 obj.version1/usb_core.o
                0x00000000200002cc                Data_Mul_MaxPacketSize
 .bss.toggle_data_key1
                0x00000000200002cd        0x1 obj.version1/stm32f10x_it.o
 .bss.toggle_data_key2
                0x00000000200002ce        0x1 obj.version1/stm32f10x_it.o
 *fill*         0x00000000200002cf        0x1 
 .bss.ADC_ConvertedValueX
                0x00000000200002d0        0x4 obj.version1/Hw_Config.o
                0x00000000200002d0                ADC_ConvertedValueX
 .bss.ADC_ConvertedValueX_1
                0x00000000200002d4        0x4 obj.version1/Hw_Config.o
                0x00000000200002d4                ADC_ConvertedValueX_1
 .bss.TimingDelay
                0x00000000200002d8        0x4 obj.version1/Hw_Config.o
 .bss.g_TestProcessState
                0x00000000200002dc        0x1 obj.version1/Main.o
                0x00000000200002dc                g_TestProcessState
 .bss.bIntPackSOF
                0x00000000200002dd        0x1 obj.version1/usb_istr.o
                0x00000000200002dd                bIntPackSOF
 *fill*         0x00000000200002de        0x2 
 .bss.bDeviceState
                0x00000000200002e0        0x4 obj.version1/usb_pwr.o
                0x00000000200002e0                bDeviceState
 .bss.__malloc_sbrk_start
                0x00000000200002e4        0x4 /usr/local/Cellar/gcc-arm-none-eabi/20160926/bin/../lib/gcc/arm-none-eabi/5.4.1/../../../../arm-none-eabi/lib/armv7-m/libc_nano.a(lib_a-nano-mallocr.o)
                0x00000000200002e4                __malloc_sbrk_start
 .bss.__malloc_free_list
                0x00000000200002e8        0x4 /usr/local/Cellar/gcc-arm-none-eabi/20160926/bin/../lib/gcc/arm-none-eabi/5.4.1/../../../../arm-none-eabi/lib/armv7-m/libc_nano.a(lib_a-nano-mallocr.o)
                0x00000000200002e8                __malloc_free_list
 .bss.heap_end.4167
                0x00000000200002ec        0x4 /usr/local/Cellar/gcc-arm-none-eabi/20160926/bin/../lib/gcc/arm-none-eabi/5.4.1/../../../../arm-none-eabi/lib/armv7-m/libnosys.a(sbrk.o)
 *(COMMON)
 COMMON         0x00000000200002f0        0x2 obj.version1/usb_core.o
                0x00000000200002f0                StatusInfo
 *fill*         0x00000000200002f2        0x2 
 COMMON         0x00000000200002f4       0x32 obj.version1/usb_init.o
                0x00000000200002f4                SaveState
                0x00000000200002f8                pProperty
                0x00000000200002fc                EPindex
                0x0000000020000300                Device_Info
                0x000000002000031c                pUser_Standard_Requests
                0x0000000020000320                pInformation
                0x0000000020000324                wInterrupt_Mask
 COMMON         0x0000000020000326        0x4 obj.version1/usb_int.o
                0x0000000020000326                SaveRState
                0x0000000020000328                SaveTState
 *fill*         0x000000002000032a        0x2 
 COMMON         0x000000002000032c        0x2 obj.version1/stm32f10x_it.o
                0x000000002000032c                Send_Buffer
 *fill*         0x000000002000032e        0x2 
 COMMON         0x0000000020000330       0x14 obj.version1/Main.o
                0x0000000020000330                rcc_clocks
 COMMON         0x0000000020000344        0x2 obj.version1/usb_endp.o
                0x0000000020000344                Receive_Buffer
 *fill*         0x0000000020000346        0x2 
 COMMON         0x0000000020000348        0x4 obj.version1/usb_prop.o
                0x0000000020000348                ProtocolValue
 COMMON         0x000000002000034c        0x2 obj.version1/usb_istr.o
                0x000000002000034c                wIstr
 *fill*         0x000000002000034e        0x2 
 COMMON         0x0000000020000350        0x2 obj.version1/usb_pwr.o
                0x0000000020000350                ResumeS
 *fill*         0x0000000020000352        0x2 
 COMMON         0x0000000020000354        0x4 /usr/local/Cellar/gcc-arm-none-eabi/20160926/bin/../lib/gcc/arm-none-eabi/5.4.1/../../../../arm-none-eabi/lib/armv7-m/libc_nano.a(lib_a-reent.o)
                0x0000000020000354                errno
                0x0000000020000358                . = ALIGN (0x4)
                0x0000000020000358                _ebss = .
                0x0000000020000358                __bss_end__ = _ebss

._user_heap_stack
                0x0000000020000358      0x600 load address 0x0000000008008150
                0x0000000020000358                . = ALIGN (0x8)
                0x0000000020000358                PROVIDE (end, .)
                [!provide]                        PROVIDE (_end, .)
                0x0000000020000558                . = (. + _Min_Heap_Size)
 *fill*         0x0000000020000358      0x200 
                0x0000000020000958                . = (. + _Min_Stack_Size)
 *fill*         0x0000000020000558      0x400 
                0x0000000020000958                . = ALIGN (0x8)

/DISCARD/
 libc.a(*)
 libm.a(*)
 libgcc.a(*)

.ARM.attributes
                0x0000000000000000       0x29
 *(.ARM.attributes)
 .ARM.attributes
                0x0000000000000000       0x1d /usr/local/Cellar/gcc-arm-none-eabi/20160926/bin/../lib/gcc/arm-none-eabi/5.4.1/armv7-m/crti.o
 .ARM.attributes
                0x000000000000001d       0x2d /usr/local/Cellar/gcc-arm-none-eabi/20160926/bin/../lib/gcc/arm-none-eabi/5.4.1/armv7-m/crtbegin.o
 .ARM.attributes
                0x000000000000004a       0x21 obj.version1/startup_stm32f10x_md.o
 .ARM.attributes
                0x000000000000006b       0x33 obj.version1/system_stm32f10x.o
 .ARM.attributes
                0x000000000000009e       0x33 obj.version1/Hw_Led.o
 .ARM.attributes
                0x00000000000000d1       0x33 obj.version1/misc.o
 .ARM.attributes
                0x0000000000000104       0x33 obj.version1/stm32f10x_dma.o
 .ARM.attributes
                0x0000000000000137       0x33 obj.version1/stm32f10x_exti.o
 .ARM.attributes
                0x000000000000016a       0x33 obj.version1/stm32f10x_gpio.o
 .ARM.attributes
                0x000000000000019d       0x33 obj.version1/stm32f10x_pwr.o
 .ARM.attributes
                0x00000000000001d0       0x33 obj.version1/stm32f10x_rcc.o
 .ARM.attributes
                0x0000000000000203       0x33 obj.version1/stm32f10x_usart.o
 .ARM.attributes
                0x0000000000000236       0x33 obj.version1/usb_core.o
 .ARM.attributes
                0x0000000000000269       0x33 obj.version1/usb_init.o
 .ARM.attributes
                0x000000000000029c       0x33 obj.version1/usb_int.o
 .ARM.attributes
                0x00000000000002cf       0x33 obj.version1/usb_mem.o
 .ARM.attributes
                0x0000000000000302       0x33 obj.version1/usb_regs.o
 .ARM.attributes
                0x0000000000000335       0x33 obj.version1/debug.o
 .ARM.attributes
                0x0000000000000368       0x33 obj.version1/syscalls.o
 .ARM.attributes
                0x000000000000039b       0x33 obj.version1/stm32f10x_it.o
 .ARM.attributes
                0x00000000000003ce       0x33 obj.version1/Hw_Config.o
 .ARM.attributes
                0x0000000000000401       0x33 obj.version1/Main.o
 .ARM.attributes
                0x0000000000000434       0x33 obj.version1/usb_desc.o
 .ARM.attributes
                0x0000000000000467       0x33 obj.version1/usb_endp.o
 .ARM.attributes
                0x000000000000049a       0x33 obj.version1/usb_prop.o
 .ARM.attributes
                0x00000000000004cd       0x33 obj.version1/usb_istr.o
 .ARM.attributes
                0x0000000000000500       0x33 obj.version1/usb_pwr.o
 .ARM.attributes
                0x0000000000000533       0x2d /usr/local/Cellar/gcc-arm-none-eabi/20160926/bin/../lib/gcc/arm-none-eabi/5.4.1/../../../../arm-none-eabi/lib/armv7-m/libc_nano.a(lib_a-impure.o)
 .ARM.attributes
                0x0000000000000560       0x2d /usr/local/Cellar/gcc-arm-none-eabi/20160926/bin/../lib/gcc/arm-none-eabi/5.4.1/../../../../arm-none-eabi/lib/armv7-m/libc_nano.a(lib_a-memset.o)
 .ARM.attributes
                0x000000000000058d       0x2d /usr/local/Cellar/gcc-arm-none-eabi/20160926/bin/../lib/gcc/arm-none-eabi/5.4.1/../../../../arm-none-eabi/lib/armv7-m/libc_nano.a(lib_a-nano-vfprintf_float.o)
 .ARM.attributes
                0x00000000000005ba       0x2d /usr/local/Cellar/gcc-arm-none-eabi/20160926/bin/../lib/gcc/arm-none-eabi/5.4.1/../../../../arm-none-eabi/lib/armv7-m/libc_nano.a(lib_a-nano-vfprintf_i.o)
 .ARM.attributes
                0x00000000000005e7       0x2d /usr/local/Cellar/gcc-arm-none-eabi/20160926/bin/../lib/gcc/arm-none-eabi/5.4.1/../../../../arm-none-eabi/lib/armv7-m/libc_nano.a(lib_a-nano-vfscanf_float.o)
 .ARM.attributes
                0x0000000000000614       0x2d /usr/local/Cellar/gcc-arm-none-eabi/20160926/bin/../lib/gcc/arm-none-eabi/5.4.1/../../../../arm-none-eabi/lib/armv7-m/libc_nano.a(lib_a-printf.o)
 .ARM.attributes
                0x0000000000000641       0x2d /usr/local/Cellar/gcc-arm-none-eabi/20160926/bin/../lib/gcc/arm-none-eabi/5.4.1/../../../../arm-none-eabi/lib/armv7-m/libc_nano.a(lib_a-puts.o)
 .ARM.attributes
                0x000000000000066e       0x2d /usr/local/Cellar/gcc-arm-none-eabi/20160926/bin/../lib/gcc/arm-none-eabi/5.4.1/../../../../arm-none-eabi/lib/armv7-m/libc_nano.a(lib_a-sf_nan.o)
 .ARM.attributes
                0x000000000000069b       0x2d /usr/local/Cellar/gcc-arm-none-eabi/20160926/bin/../lib/gcc/arm-none-eabi/5.4.1/../../../../arm-none-eabi/lib/armv7-m/libc_nano.a(lib_a-sprintf.o)
 .ARM.attributes
                0x00000000000006c8       0x17 /usr/local/Cellar/gcc-arm-none-eabi/20160926/bin/../lib/gcc/arm-none-eabi/5.4.1/../../../../arm-none-eabi/lib/armv7-m/libc_nano.a(lib_a-strlen.o)
 .ARM.attributes
                0x00000000000006df       0x2d /usr/local/Cellar/gcc-arm-none-eabi/20160926/bin/../lib/gcc/arm-none-eabi/5.4.1/../../../../arm-none-eabi/lib/armv7-m/libc_nano.a(lib_a-strtod.o)
 .ARM.attributes
                0x000000000000070c       0x2d /usr/local/Cellar/gcc-arm-none-eabi/20160926/bin/../lib/gcc/arm-none-eabi/5.4.1/../../../../arm-none-eabi/lib/armv7-m/libc_nano.a(lib_a-strtol.o)
 .ARM.attributes
                0x0000000000000739       0x2d /usr/local/Cellar/gcc-arm-none-eabi/20160926/bin/../lib/gcc/arm-none-eabi/5.4.1/../../../../arm-none-eabi/lib/armv7-m/libc_nano.a(lib_a-wbuf.o)
 .ARM.attributes
                0x0000000000000766       0x2d /usr/local/Cellar/gcc-arm-none-eabi/20160926/bin/../lib/gcc/arm-none-eabi/5.4.1/../../../../arm-none-eabi/lib/armv7-m/libc_nano.a(lib_a-wsetup.o)
 .ARM.attributes
                0x0000000000000793       0x2d /usr/local/Cellar/gcc-arm-none-eabi/20160926/bin/../lib/gcc/arm-none-eabi/5.4.1/../../../../arm-none-eabi/lib/armv7-m/libc_nano.a(lib_a-dtoa.o)
 .ARM.attributes
                0x00000000000007c0       0x2d /usr/local/Cellar/gcc-arm-none-eabi/20160926/bin/../lib/gcc/arm-none-eabi/5.4.1/../../../../arm-none-eabi/lib/armv7-m/libc_nano.a(lib_a-fflush.o)
 .ARM.attributes
                0x00000000000007ed       0x2d /usr/local/Cellar/gcc-arm-none-eabi/20160926/bin/../lib/gcc/arm-none-eabi/5.4.1/../../../../arm-none-eabi/lib/armv7-m/libc_nano.a(lib_a-findfp.o)
 .ARM.attributes
                0x000000000000081a       0x2d /usr/local/Cellar/gcc-arm-none-eabi/20160926/bin/../lib/gcc/arm-none-eabi/5.4.1/../../../../arm-none-eabi/lib/armv7-m/libc_nano.a(lib_a-fwalk.o)
 .ARM.attributes
                0x0000000000000847       0x2d /usr/local/Cellar/gcc-arm-none-eabi/20160926/bin/../lib/gcc/arm-none-eabi/5.4.1/../../../../arm-none-eabi/lib/armv7-m/libc_nano.a(lib_a-gdtoa-gethex.o)
 .ARM.attributes
                0x0000000000000874       0x2d /usr/local/Cellar/gcc-arm-none-eabi/20160926/bin/../lib/gcc/arm-none-eabi/5.4.1/../../../../arm-none-eabi/lib/armv7-m/libc_nano.a(lib_a-gdtoa-hexnan.o)
 .ARM.attributes
                0x00000000000008a1       0x2d /usr/local/Cellar/gcc-arm-none-eabi/20160926/bin/../lib/gcc/arm-none-eabi/5.4.1/../../../../arm-none-eabi/lib/armv7-m/libc_nano.a(lib_a-locale.o)
 .ARM.attributes
                0x00000000000008ce       0x2d /usr/local/Cellar/gcc-arm-none-eabi/20160926/bin/../lib/gcc/arm-none-eabi/5.4.1/../../../../arm-none-eabi/lib/armv7-m/libc_nano.a(lib_a-localeconv.o)
 .ARM.attributes
                0x00000000000008fb       0x2d /usr/local/Cellar/gcc-arm-none-eabi/20160926/bin/../lib/gcc/arm-none-eabi/5.4.1/../../../../arm-none-eabi/lib/armv7-m/libc_nano.a(lib_a-makebuf.o)
 .ARM.attributes
                0x0000000000000928       0x2d /usr/local/Cellar/gcc-arm-none-eabi/20160926/bin/../lib/gcc/arm-none-eabi/5.4.1/../../../../arm-none-eabi/lib/armv7-m/libc_nano.a(lib_a-malloc.o)
 .ARM.attributes
                0x0000000000000955       0x2d /usr/local/Cellar/gcc-arm-none-eabi/20160926/bin/../lib/gcc/arm-none-eabi/5.4.1/../../../../arm-none-eabi/lib/armv7-m/libc_nano.a(lib_a-mbtowc_r.o)
 .ARM.attributes
                0x0000000000000982       0x2d /usr/local/Cellar/gcc-arm-none-eabi/20160926/bin/../lib/gcc/arm-none-eabi/5.4.1/../../../../arm-none-eabi/lib/armv7-m/libc_nano.a(lib_a-memchr-stub.o)
 .ARM.attributes
                0x00000000000009af       0x2d /usr/local/Cellar/gcc-arm-none-eabi/20160926/bin/../lib/gcc/arm-none-eabi/5.4.1/../../../../arm-none-eabi/lib/armv7-m/libc_nano.a(lib_a-memcpy-stub.o)
 .ARM.attributes
                0x00000000000009dc       0x2d /usr/local/Cellar/gcc-arm-none-eabi/20160926/bin/../lib/gcc/arm-none-eabi/5.4.1/../../../../arm-none-eabi/lib/armv7-m/libc_nano.a(lib_a-mprec.o)
 .ARM.attributes
                0x0000000000000a09       0x2d /usr/local/Cellar/gcc-arm-none-eabi/20160926/bin/../lib/gcc/arm-none-eabi/5.4.1/../../../../arm-none-eabi/lib/armv7-m/libc_nano.a(lib_a-nano-callocr.o)
 .ARM.attributes
                0x0000000000000a36       0x2d /usr/local/Cellar/gcc-arm-none-eabi/20160926/bin/../lib/gcc/arm-none-eabi/5.4.1/../../../../arm-none-eabi/lib/armv7-m/libc_nano.a(lib_a-nano-freer.o)
 .ARM.attributes
                0x0000000000000a63       0x2d /usr/local/Cellar/gcc-arm-none-eabi/20160926/bin/../lib/gcc/arm-none-eabi/5.4.1/../../../../arm-none-eabi/lib/armv7-m/libc_nano.a(lib_a-nano-mallocr.o)
 .ARM.attributes
                0x0000000000000a90       0x2d /usr/local/Cellar/gcc-arm-none-eabi/20160926/bin/../lib/gcc/arm-none-eabi/5.4.1/../../../../arm-none-eabi/lib/armv7-m/libc_nano.a(lib_a-nano-svfprintf.o)
 .ARM.attributes
                0x0000000000000abd       0x2d /usr/local/Cellar/gcc-arm-none-eabi/20160926/bin/../lib/gcc/arm-none-eabi/5.4.1/../../../../arm-none-eabi/lib/armv7-m/libc_nano.a(lib_a-nano-vfprintf.o)
 .ARM.attributes
                0x0000000000000aea       0x2d /usr/local/Cellar/gcc-arm-none-eabi/20160926/bin/../lib/gcc/arm-none-eabi/5.4.1/../../../../arm-none-eabi/lib/armv7-m/libc_nano.a(lib_a-sbrkr.o)
 .ARM.attributes
                0x0000000000000b17       0x2d /usr/local/Cellar/gcc-arm-none-eabi/20160926/bin/../lib/gcc/arm-none-eabi/5.4.1/../../../../arm-none-eabi/lib/armv7-m/libc_nano.a(lib_a-stdio.o)
 .ARM.attributes
                0x0000000000000b44       0x2d /usr/local/Cellar/gcc-arm-none-eabi/20160926/bin/../lib/gcc/arm-none-eabi/5.4.1/../../../../arm-none-eabi/lib/armv7-m/libc_nano.a(lib_a-strncmp.o)
 .ARM.attributes
                0x0000000000000b71       0x2d /usr/local/Cellar/gcc-arm-none-eabi/20160926/bin/../lib/gcc/arm-none-eabi/5.4.1/../../../../arm-none-eabi/lib/armv7-m/libc_nano.a(lib_a-wctomb_r.o)
 .ARM.attributes
                0x0000000000000b9e       0x2d /usr/local/Cellar/gcc-arm-none-eabi/20160926/bin/../lib/gcc/arm-none-eabi/5.4.1/../../../../arm-none-eabi/lib/armv7-m/libc_nano.a(lib_a-writer.o)
 .ARM.attributes
                0x0000000000000bcb       0x2d /usr/local/Cellar/gcc-arm-none-eabi/20160926/bin/../lib/gcc/arm-none-eabi/5.4.1/../../../../arm-none-eabi/lib/armv7-m/libc_nano.a(lib_a-closer.o)
 .ARM.attributes
                0x0000000000000bf8       0x2d /usr/local/Cellar/gcc-arm-none-eabi/20160926/bin/../lib/gcc/arm-none-eabi/5.4.1/../../../../arm-none-eabi/lib/armv7-m/libc_nano.a(lib_a-ctype_.o)
 .ARM.attributes
                0x0000000000000c25       0x2d /usr/local/Cellar/gcc-arm-none-eabi/20160926/bin/../lib/gcc/arm-none-eabi/5.4.1/../../../../arm-none-eabi/lib/armv7-m/libc_nano.a(lib_a-fstatr.o)
 .ARM.attributes
                0x0000000000000c52       0x2d /usr/local/Cellar/gcc-arm-none-eabi/20160926/bin/../lib/gcc/arm-none-eabi/5.4.1/../../../../arm-none-eabi/lib/armv7-m/libc_nano.a(lib_a-isattyr.o)
 .ARM.attributes
                0x0000000000000c7f       0x2d /usr/local/Cellar/gcc-arm-none-eabi/20160926/bin/../lib/gcc/arm-none-eabi/5.4.1/../../../../arm-none-eabi/lib/armv7-m/libc_nano.a(lib_a-lseekr.o)
 .ARM.attributes
                0x0000000000000cac       0x2d /usr/local/Cellar/gcc-arm-none-eabi/20160926/bin/../lib/gcc/arm-none-eabi/5.4.1/../../../../arm-none-eabi/lib/armv7-m/libc_nano.a(lib_a-memmove.o)
 .ARM.attributes
                0x0000000000000cd9       0x2d /usr/local/Cellar/gcc-arm-none-eabi/20160926/bin/../lib/gcc/arm-none-eabi/5.4.1/../../../../arm-none-eabi/lib/armv7-m/libc_nano.a(lib_a-mlock.o)
 .ARM.attributes
                0x0000000000000d06       0x2d /usr/local/Cellar/gcc-arm-none-eabi/20160926/bin/../lib/gcc/arm-none-eabi/5.4.1/../../../../arm-none-eabi/lib/armv7-m/libc_nano.a(lib_a-nano-reallocr.o)
 .ARM.attributes
                0x0000000000000d33       0x2d /usr/local/Cellar/gcc-arm-none-eabi/20160926/bin/../lib/gcc/arm-none-eabi/5.4.1/../../../../arm-none-eabi/lib/armv7-m/libc_nano.a(lib_a-readr.o)
 .ARM.attributes
                0x0000000000000d60       0x2d /usr/local/Cellar/gcc-arm-none-eabi/20160926/bin/../lib/gcc/arm-none-eabi/5.4.1/../../../../arm-none-eabi/lib/armv7-m/libc_nano.a(lib_a-reent.o)
 .ARM.attributes
                0x0000000000000d8d       0x2d /usr/local/Cellar/gcc-arm-none-eabi/20160926/bin/../lib/gcc/arm-none-eabi/5.4.1/../../../../arm-none-eabi/lib/armv7-m/libc_nano.a(lib_a-nano-msizer.o)
 .ARM.attributes
                0x0000000000000dba       0x2d /usr/local/Cellar/gcc-arm-none-eabi/20160926/bin/../lib/gcc/arm-none-eabi/5.4.1/../../../../arm-none-eabi/lib/armv7-m/libnosys.a(close.o)
 .ARM.attributes
                0x0000000000000de7       0x2d /usr/local/Cellar/gcc-arm-none-eabi/20160926/bin/../lib/gcc/arm-none-eabi/5.4.1/../../../../arm-none-eabi/lib/armv7-m/libnosys.a(fstat.o)
 .ARM.attributes
                0x0000000000000e14       0x2d /usr/local/Cellar/gcc-arm-none-eabi/20160926/bin/../lib/gcc/arm-none-eabi/5.4.1/../../../../arm-none-eabi/lib/armv7-m/libnosys.a(isatty.o)
 .ARM.attributes
                0x0000000000000e41       0x2d /usr/local/Cellar/gcc-arm-none-eabi/20160926/bin/../lib/gcc/arm-none-eabi/5.4.1/../../../../arm-none-eabi/lib/armv7-m/libnosys.a(lseek.o)
 .ARM.attributes
                0x0000000000000e6e       0x2d /usr/local/Cellar/gcc-arm-none-eabi/20160926/bin/../lib/gcc/arm-none-eabi/5.4.1/../../../../arm-none-eabi/lib/armv7-m/libnosys.a(read.o)
 .ARM.attributes
                0x0000000000000e9b       0x2d /usr/local/Cellar/gcc-arm-none-eabi/20160926/bin/../lib/gcc/arm-none-eabi/5.4.1/../../../../arm-none-eabi/lib/armv7-m/libnosys.a(sbrk.o)
 .ARM.attributes
                0x0000000000000ec8       0x1d /usr/local/Cellar/gcc-arm-none-eabi/20160926/bin/../lib/gcc/arm-none-eabi/5.4.1/armv7-m/libgcc.a(_arm_addsubdf3.o)
 .ARM.attributes
                0x0000000000000ee5       0x1d /usr/local/Cellar/gcc-arm-none-eabi/20160926/bin/../lib/gcc/arm-none-eabi/5.4.1/armv7-m/libgcc.a(_arm_muldivdf3.o)
 .ARM.attributes
                0x0000000000000f02       0x1d /usr/local/Cellar/gcc-arm-none-eabi/20160926/bin/../lib/gcc/arm-none-eabi/5.4.1/armv7-m/libgcc.a(_arm_cmpdf2.o)
 .ARM.attributes
                0x0000000000000f1f       0x1d /usr/local/Cellar/gcc-arm-none-eabi/20160926/bin/../lib/gcc/arm-none-eabi/5.4.1/armv7-m/libgcc.a(_arm_unorddf2.o)
 .ARM.attributes
                0x0000000000000f3c       0x1d /usr/local/Cellar/gcc-arm-none-eabi/20160926/bin/../lib/gcc/arm-none-eabi/5.4.1/armv7-m/libgcc.a(_arm_fixdfsi.o)
 .ARM.attributes
                0x0000000000000f59       0x1d /usr/local/Cellar/gcc-arm-none-eabi/20160926/bin/../lib/gcc/arm-none-eabi/5.4.1/armv7-m/libgcc.a(_arm_fixunsdfsi.o)
 .ARM.attributes
                0x0000000000000f76       0x1d /usr/local/Cellar/gcc-arm-none-eabi/20160926/bin/../lib/gcc/arm-none-eabi/5.4.1/armv7-m/libgcc.a(_arm_truncdfsf2.o)
 .ARM.attributes
                0x0000000000000f93       0x1d /usr/local/Cellar/gcc-arm-none-eabi/20160926/bin/../lib/gcc/arm-none-eabi/5.4.1/armv7-m/crtn.o